[    0.000000] Initializing cgroup subsys cpuset
[    0.000000] Initializing cgroup subsys cpu
[    0.000000] Initializing cgroup subsys cpuacct
[    0.000000] Linux version 4.1.2 (root@ap-desktop) (gcc version 4.9.2 (Ubuntu 4.9.2-10ubuntu13) ) #1 SMP Mon Jul 13 13:41:46 KST 2015
[    0.000000] Command line: BOOT_IMAGE=/boot/vmlinuz-4.1.2 root=UUID=99b7a1d4-a442-459c-b551-52bf7edf0ea4 ro quiet splash
[    0.000000] KERNEL supported cpus:
[    0.000000]   Intel GenuineIntel
[    0.000000]   AMD AuthenticAMD
[    0.000000]   Centaur CentaurHauls
[    0.000000] e820: BIOS-provided physical RAM map:
[    0.000000] BIOS-e820: [mem 0x0000000000000000-0x000000000009d7ff] usable
[    0.000000] BIOS-e820: [mem 0x000000000009d800-0x000000000009ffff] reserved
[    0.000000] BIOS-e820: [mem 0x00000000000e0000-0x00000000000fffff] reserved
[    0.000000] BIOS-e820: [mem 0x0000000000100000-0x00000000cc17afff] usable
[    0.000000] BIOS-e820: [mem 0x00000000cc17b000-0x00000000cc181fff] ACPI NVS
[    0.000000] BIOS-e820: [mem 0x00000000cc182000-0x00000000cc8d9fff] usable
[    0.000000] BIOS-e820: [mem 0x00000000cc8da000-0x00000000ccb13fff] reserved
[    0.000000] BIOS-e820: [mem 0x00000000ccb14000-0x00000000dd625fff] usable
[    0.000000] BIOS-e820: [mem 0x00000000dd626000-0x00000000dd82bfff] reserved
[    0.000000] BIOS-e820: [mem 0x00000000dd82c000-0x00000000dd86afff] usable
[    0.000000] BIOS-e820: [mem 0x00000000dd86b000-0x00000000dd910fff] ACPI NVS
[    0.000000] BIOS-e820: [mem 0x00000000dd911000-0x00000000ddffefff] reserved
[    0.000000] BIOS-e820: [mem 0x00000000ddfff000-0x00000000ddffffff] usable
[    0.000000] BIOS-e820: [mem 0x00000000f8000000-0x00000000fbffffff] reserved
[    0.000000] BIOS-e820: [mem 0x00000000fec00000-0x00000000fec00fff] reserved
[    0.000000] BIOS-e820: [mem 0x00000000fed00000-0x00000000fed03fff] reserved
[    0.000000] BIOS-e820: [mem 0x00000000fed1c000-0x00000000fed1ffff] reserved
[    0.000000] BIOS-e820: [mem 0x00000000fee00000-0x00000000fee00fff] reserved
[    0.000000] BIOS-e820: [mem 0x00000000ff000000-0x00000000ffffffff] reserved
[    0.000000] BIOS-e820: [mem 0x0000000100000000-0x000000021effffff] usable
[    0.000000] NX (Execute Disable) protection: active
[    0.000000] SMBIOS 2.7 present.
[    0.000000] DMI: To Be Filled By O.E.M. To Be Filled By O.E.M./B85M-DGS, BIOS P1.20 07/03/2014
[    0.000000] e820: update [mem 0x00000000-0x00000fff] usable ==> reserved
[    0.000000] e820: remove [mem 0x000a0000-0x000fffff] usable
[    0.000000] AGP: No AGP bridge found
[    0.000000] e820: last_pfn = 0x21f000 max_arch_pfn = 0x400000000
[    0.000000] MTRR default type: uncachable
[    0.000000] MTRR fixed ranges enabled:
[    0.000000]   00000-9FFFF write-back
[    0.000000]   A0000-BFFFF uncachable
[    0.000000]   C0000-CFFFF write-protect
[    0.000000]   D0000-E7FFF uncachable
[    0.000000]   E8000-FFFFF write-protect
[    0.000000] MTRR variable ranges enabled:
[    0.000000]   0 base 0000000000 mask 7E00000000 write-back
[    0.000000]   1 base 0200000000 mask 7FF0000000 write-back
[    0.000000]   2 base 0210000000 mask 7FF8000000 write-back
[    0.000000]   3 base 0218000000 mask 7FFC000000 write-back
[    0.000000]   4 base 021C000000 mask 7FFE000000 write-back
[    0.000000]   5 base 021E000000 mask 7FFF000000 write-back
[    0.000000]   6 base 00E0000000 mask 7FE0000000 uncachable
[    0.000000]   7 disabled
[    0.000000]   8 disabled
[    0.000000]   9 disabled
[    0.000000] PAT configuration [0-7]: WB  WC  UC- UC  WB  WC  UC- UC  
[    0.000000] original variable MTRRs
[    0.000000] reg 0, base: 0GB, range: 8GB, type WB
[    0.000000] reg 1, base: 8GB, range: 256MB, type WB
[    0.000000] reg 2, base: 8448MB, range: 128MB, type WB
[    0.000000] reg 3, base: 8576MB, range: 64MB, type WB
[    0.000000] reg 4, base: 8640MB, range: 32MB, type WB
[    0.000000] reg 5, base: 8672MB, range: 16MB, type WB
[    0.000000] reg 6, base: 3584MB, range: 512MB, type UC
[    0.000000] total RAM covered: 8176M
[    0.000000] Found optimal setting for mtrr clean up
[    0.000000]  gran_size: 64K 	chunk_size: 32M 	num_reg: 6  	lose cover RAM: 0G
[    0.000000] New variable MTRRs
[    0.000000] reg 0, base: 0GB, range: 2GB, type WB
[    0.000000] reg 1, base: 2GB, range: 1GB, type WB
[    0.000000] reg 2, base: 3GB, range: 512MB, type WB
[    0.000000] reg 3, base: 4GB, range: 4GB, type WB
[    0.000000] reg 4, base: 8GB, range: 512MB, type WB
[    0.000000] reg 5, base: 8688MB, range: 16MB, type UC
[    0.000000] e820: update [mem 0xe0000000-0xffffffff] usable ==> reserved
[    0.000000] e820: last_pfn = 0xde000 max_arch_pfn = 0x400000000
[    0.000000] found SMP MP-table at [mem 0x000fd760-0x000fd76f] mapped at [ffff8800000fd760]
[    0.000000] Scanning 1 areas for low memory corruption
[    0.000000] Base memory trampoline at [ffff880000097000] 97000 size 24576
[    0.000000] Using GB pages for direct mapping
[    0.000000] init_memory_mapping: [mem 0x00000000-0x000fffff]
[    0.000000]  [mem 0x00000000-0x000fffff] page 4k
[    0.000000] BRK [0x01ffb000, 0x01ffbfff] PGTABLE
[    0.000000] BRK [0x01ffc000, 0x01ffcfff] PGTABLE
[    0.000000] BRK [0x01ffd000, 0x01ffdfff] PGTABLE
[    0.000000] init_memory_mapping: [mem 0x21ee00000-0x21effffff]
[    0.000000]  [mem 0x21ee00000-0x21effffff] page 2M
[    0.000000] BRK [0x01ffe000, 0x01ffefff] PGTABLE
[    0.000000] init_memory_mapping: [mem 0x200000000-0x21edfffff]
[    0.000000]  [mem 0x200000000-0x21edfffff] page 2M
[    0.000000] init_memory_mapping: [mem 0x1e0000000-0x1ffffffff]
[    0.000000]  [mem 0x1e0000000-0x1ffffffff] page 1G
[    0.000000] init_memory_mapping: [mem 0x00100000-0xcc17afff]
[    0.000000]  [mem 0x00100000-0x001fffff] page 4k
[    0.000000]  [mem 0x00200000-0x3fffffff] page 2M
[    0.000000]  [mem 0x40000000-0xbfffffff] page 1G
[    0.000000]  [mem 0xc0000000-0xcbffffff] page 2M
[    0.000000]  [mem 0xcc000000-0xcc17afff] page 4k
[    0.000000] init_memory_mapping: [mem 0xcc182000-0xcc8d9fff]
[    0.000000]  [mem 0xcc182000-0xcc1fffff] page 4k
[    0.000000]  [mem 0xcc200000-0xcc7fffff] page 2M
[    0.000000]  [mem 0xcc800000-0xcc8d9fff] page 4k
[    0.000000] BRK [0x01fff000, 0x01ffffff] PGTABLE
[    0.000000] init_memory_mapping: [mem 0xccb14000-0xdd625fff]
[    0.000000]  [mem 0xccb14000-0xccbfffff] page 4k
[    0.000000]  [mem 0xccc00000-0xdd5fffff] page 2M
[    0.000000]  [mem 0xdd600000-0xdd625fff] page 4k
[    0.000000] BRK [0x02000000, 0x02000fff] PGTABLE
[    0.000000] init_memory_mapping: [mem 0xdd82c000-0xdd86afff]
[    0.000000]  [mem 0xdd82c000-0xdd86afff] page 4k
[    0.000000] init_memory_mapping: [mem 0xddfff000-0xddffffff]
[    0.000000]  [mem 0xddfff000-0xddffffff] page 4k
[    0.000000] init_memory_mapping: [mem 0x100000000-0x1dfffffff]
[    0.000000]  [mem 0x100000000-0x1dfffffff] page 1G
[    0.000000] RAMDISK: [mem 0x1e8aa000-0x2b44cfff]
[    0.000000] ACPI: Early table checksum verification disabled
[    0.000000] ACPI: RSDP 0x00000000000F0490 000024 (v02 ALASKA)
[    0.000000] ACPI: XSDT 0x00000000DD8ED080 00007C (v01 ALASKA A M I    01072009 AMI  00010013)
[    0.000000] ACPI: FACP 0x00000000DD8F7A88 00010C (v05 ALASKA A M I    01072009 AMI  00010013)
[    0.000000] ACPI: DSDT 0x00000000DD8ED190 00A8F5 (v02 ALASKA A M I    00000120 INTL 20091112)
[    0.000000] ACPI: FACS 0x00000000DD90F080 000040
[    0.000000] ACPI: APIC 0x00000000DD8F7B98 000062 (v03 ALASKA A M I    01072009 AMI  00010013)
[    0.000000] ACPI: FPDT 0x00000000DD8F7C00 000044 (v01 ALASKA A M I    01072009 AMI  00010013)
[    0.000000] ACPI: SSDT 0x00000000DD8F7C48 000539 (v01 PmRef  Cpu0Ist  00003000 INTL 20051117)
[    0.000000] ACPI: SSDT 0x00000000DD8F8188 000AD8 (v01 PmRef  CpuPm    00003000 INTL 20051117)
[    0.000000] ACPI: SSDT 0x00000000DD8F8C60 0001C7 (v01 PmRef  LakeTiny 00003000 INTL 20051117)
[    0.000000] ACPI: MCFG 0x00000000DD8F8E28 00003C (v01 ALASKA A M I    01072009 MSFT 00000097)
[    0.000000] ACPI: HPET 0x00000000DD8F8E68 000038 (v01 ALASKA A M I    01072009 AMI. 00000005)
[    0.000000] ACPI: SSDT 0x00000000DD8F8EA0 00036D (v01 SataRe SataTabl 00001000 INTL 20091112)
[    0.000000] ACPI: SSDT 0x00000000DD8F9210 003493 (v01 SaSsdt SaSsdt   00003000 INTL 20091112)
[    0.000000] ACPI: AAFT 0x00000000DD8FC6A8 00020D (v01 ALASKA OEMAAFT  01072009 MSFT 00000097)
[    0.000000] ACPI: Local APIC address 0xfee00000
[    0.000000] No NUMA configuration found
[    0.000000] Faking a node at [mem 0x0000000000000000-0x000000021effffff]
[    0.000000] NODE_DATA(0) allocated [mem 0x21eff6000-0x21effafff]
[    0.000000]  [ffffea0000000000-ffffea00087fffff] PMD -> [ffff880216600000-ffff88021e5fffff] on node 0
[    0.000000] Zone ranges:
[    0.000000]   DMA      [mem 0x0000000000001000-0x0000000000ffffff]
[    0.000000]   DMA32    [mem 0x0000000001000000-0x00000000ffffffff]
[    0.000000]   Normal   [mem 0x0000000100000000-0x000000021effffff]
[    0.000000] Movable zone start for each node
[    0.000000] Early memory node ranges
[    0.000000]   node   0: [mem 0x0000000000001000-0x000000000009cfff]
[    0.000000]   node   0: [mem 0x0000000000100000-0x00000000cc17afff]
[    0.000000]   node   0: [mem 0x00000000cc182000-0x00000000cc8d9fff]
[    0.000000]   node   0: [mem 0x00000000ccb14000-0x00000000dd625fff]
[    0.000000]   node   0: [mem 0x00000000dd82c000-0x00000000dd86afff]
[    0.000000]   node   0: [mem 0x00000000ddfff000-0x00000000ddffffff]
[    0.000000]   node   0: [mem 0x0000000100000000-0x000000021effffff]
[    0.000000] Initmem setup node 0 [mem 0x0000000000001000-0x000000021effffff]
[    0.000000] On node 0 totalpages: 2081729
[    0.000000]   DMA zone: 64 pages used for memmap
[    0.000000]   DMA zone: 21 pages reserved
[    0.000000]   DMA zone: 3996 pages, LIFO batch:0
[    0.000000]   DMA32 zone: 14097 pages used for memmap
[    0.000000]   DMA32 zone: 902181 pages, LIFO batch:31
[    0.000000]   Normal zone: 18368 pages used for memmap
[    0.000000]   Normal zone: 1175552 pages, LIFO batch:31
[    0.000000] ACPI: PM-Timer IO Port: 0x1808
[    0.000000] ACPI: Local APIC address 0xfee00000
[    0.000000] ACPI: LAPIC_NMI (acpi_id[0xff] high edge lint[0x1])
[    0.000000] IOAPIC[0]: apic_id 2, version 32, address 0xfec00000, GSI 0-23
[    0.000000] ACPI: INT_SRC_OVR (bus 0 bus_irq 0 global_irq 2 dfl dfl)
[    0.000000] ACPI: INT_SRC_OVR (bus 0 bus_irq 9 global_irq 9 high level)
[    0.000000] ACPI: IRQ0 used by override.
[    0.000000] ACPI: IRQ9 used by override.
[    0.000000] Using ACPI (MADT) for SMP configuration information
[    0.000000] ACPI: HPET id: 0x8086a701 base: 0xfed00000
[    0.000000] smpboot: Allowing 2 CPUs, 0 hotplug CPUs
[    0.000000] PM: Registered nosave memory: [mem 0x00000000-0x00000fff]
[    0.000000] PM: Registered nosave memory: [mem 0x0009d000-0x0009dfff]
[    0.000000] PM: Registered nosave memory: [mem 0x0009e000-0x0009ffff]
[    0.000000] PM: Registered nosave memory: [mem 0x000a0000-0x000dffff]
[    0.000000] PM: Registered nosave memory: [mem 0x000e0000-0x000fffff]
[    0.000000] PM: Registered nosave memory: [mem 0xcc17b000-0xcc181fff]
[    0.000000] PM: Registered nosave memory: [mem 0xcc8da000-0xccb13fff]
[    0.000000] PM: Registered nosave memory: [mem 0xdd626000-0xdd82bfff]
[    0.000000] PM: Registered nosave memory: [mem 0xdd86b000-0xdd910fff]
[    0.000000] PM: Registered nosave memory: [mem 0xdd911000-0xddffefff]
[    0.000000] PM: Registered nosave memory: [mem 0xde000000-0xf7ffffff]
[    0.000000] PM: Registered nosave memory: [mem 0xf8000000-0xfbffffff]
[    0.000000] PM: Registered nosave memory: [mem 0xfc000000-0xfebfffff]
[    0.000000] PM: Registered nosave memory: [mem 0xfec00000-0xfec00fff]
[    0.000000] PM: Registered nosave memory: [mem 0xfec01000-0xfecfffff]
[    0.000000] PM: Registered nosave memory: [mem 0xfed00000-0xfed03fff]
[    0.000000] PM: Registered nosave memory: [mem 0xfed04000-0xfed1bfff]
[    0.000000] PM: Registered nosave memory: [mem 0xfed1c000-0xfed1ffff]
[    0.000000] PM: Registered nosave memory: [mem 0xfed20000-0xfedfffff]
[    0.000000] PM: Registered nosave memory: [mem 0xfee00000-0xfee00fff]
[    0.000000] PM: Registered nosave memory: [mem 0xfee01000-0xfeffffff]
[    0.000000] PM: Registered nosave memory: [mem 0xff000000-0xffffffff]
[    0.000000] e820: [mem 0xde000000-0xf7ffffff] available for PCI devices
[    0.000000] Booting paravirtualized kernel on bare hardware
[    0.000000] clocksource refined-jiffies: mask: 0xffffffff max_cycles: 0xffffffff, max_idle_ns: 7645519600211568 ns
[    0.000000] setup_percpu: NR_CPUS:256 nr_cpumask_bits:256 nr_cpu_ids:2 nr_node_ids:1
[    0.000000] PERCPU: Embedded 34 pages/cpu @ffff88021ec00000 s101400 r8192 d29672 u1048576
[    0.000000] pcpu-alloc: s101400 r8192 d29672 u1048576 alloc=1*2097152
[    0.000000] pcpu-alloc: [0] 0 1 
[    0.000000] Built 1 zonelists in Node order, mobility grouping on.  Total pages: 2049179
[    0.000000] Policy zone: Normal
[    0.000000] Kernel command line: BOOT_IMAGE=/boot/vmlinuz-4.1.2 root=UUID=99b7a1d4-a442-459c-b551-52bf7edf0ea4 ro quiet splash
[    0.000000] PID hash table entries: 4096 (order: 3, 32768 bytes)
[    0.000000] xsave: enabled xstate_bv 0x3, cntxt size 0x240 using standard form
[    0.000000] AGP: Checking aperture...
[    0.000000] AGP: No AGP bridge found
[    0.000000] Calgary: detecting Calgary via BIOS EBDA area
[    0.000000] Calgary: Unable to locate Rio Grande table in EBDA - bailing!
[    0.000000] Memory: 7904232K/8326916K available (8061K kernel code, 1305K rwdata, 3768K rodata, 1424K init, 1300K bss, 422684K reserved, 0K cma-reserved)
[    0.000000] SLUB: HWalign=64, Order=0-3, MinObjects=0, CPUs=2, Nodes=1
[    0.000000] Hierarchical RCU implementation.
[    0.000000] 	RCU dyntick-idle grace-period acceleration is enabled.
[    0.000000] 	RCU restricting CPUs from NR_CPUS=256 to nr_cpu_ids=2.
[    0.000000] RCU: Adjusting geometry for rcu_fanout_leaf=16, nr_cpu_ids=2
[    0.000000] NR_IRQS:16640 nr_irqs:440 16
[    0.000000] 	Offload RCU callbacks from all CPUs
[    0.000000] 	Offload RCU callbacks from CPUs: 0-1.
[    0.000000] Console: colour VGA+ 80x25
[    0.000000] console [tty0] enabled
[    0.000000] clocksource hpet: mask: 0xffffffff max_cycles: 0xffffffff, max_idle_ns: 133484882848 ns
[    0.000000] hpet clockevent registered
[    0.000000] tsc: Fast TSC calibration using PIT
[    0.000000] tsc: Detected 3099.077 MHz processor
[    0.000023] Calibrating delay loop (skipped), value calculated using timer frequency.. 6198.15 BogoMIPS (lpj=12396308)
[    0.000025] pid_max: default: 32768 minimum: 301
[    0.000029] ACPI: Core revision 20150410
[    0.007508] ACPI: All ACPI Tables successfully acquired
[    0.008698] Security Framework initialized
[    0.008709] AppArmor: AppArmor initialized
[    0.008710] Yama: becoming mindful.
[    0.009078] Dentry cache hash table entries: 1048576 (order: 11, 8388608 bytes)
[    0.010877] Inode-cache hash table entries: 524288 (order: 10, 4194304 bytes)
[    0.011741] Mount-cache hash table entries: 16384 (order: 5, 131072 bytes)
[    0.011749] Mountpoint-cache hash table entries: 16384 (order: 5, 131072 bytes)
[    0.011941] Initializing cgroup subsys blkio
[    0.011944] Initializing cgroup subsys memory
[    0.011949] Initializing cgroup subsys devices
[    0.011951] Initializing cgroup subsys freezer
[    0.011952] Initializing cgroup subsys net_cls
[    0.011954] Initializing cgroup subsys perf_event
[    0.011956] Initializing cgroup subsys net_prio
[    0.011957] Initializing cgroup subsys hugetlb
[    0.011976] CPU: Physical Processor ID: 0
[    0.011977] CPU: Processor Core ID: 0
[    0.012750] mce: CPU supports 7 MCE banks
[    0.012759] CPU0: Thermal monitoring enabled (TM1)
[    0.012765] process: using mwait in idle threads
[    0.012768] Last level iTLB entries: 4KB 1024, 2MB 1024, 4MB 1024
[    0.012769] Last level dTLB entries: 4KB 1024, 2MB 1024, 4MB 1024, 1GB 4
[    0.012873] Freeing SMP alternatives memory: 32K (ffffffff81eac000 - ffffffff81eb4000)
[    0.013726] ftrace: allocating 30192 entries in 118 pages
[    0.023778] ..TIMER: vector=0x30 apic1=0 pin1=2 apic2=-1 pin2=-1
[    0.063415] TSC deadline timer enabled
[    0.063417] smpboot: CPU0: Intel(R) Pentium(R) CPU G3240 @ 3.10GHz (fam: 06, model: 3c, stepping: 03)
[    0.063438] Performance Events: PEBS fmt2+, 16-deep LBR, Haswell events, full-width counters, Intel PMU driver.
[    0.063453] ... version:                3
[    0.063454] ... bit width:              48
[    0.063454] ... generic registers:      8
[    0.063455] ... value mask:             0000ffffffffffff
[    0.063455] ... max period:             0000ffffffffffff
[    0.063456] ... fixed-purpose events:   3
[    0.063457] ... event mask:             00000007000000ff
[    0.064018] x86: Booting SMP configuration:
[    0.064019] .... node  #0, CPUs:      #1
[    0.077945] x86: Booted up 1 node, 2 CPUs
[    0.077947] smpboot: Total of 2 processors activated (12396.30 BogoMIPS)
[    0.077967] NMI watchdog: enabled on all CPUs, permanently consumes one hw-PMU counter.
[    0.079358] devtmpfs: initialized
[    0.080966] evm: security.selinux
[    0.080967] evm: security.SMACK64
[    0.080968] evm: security.SMACK64EXEC
[    0.080968] evm: security.SMACK64TRANSMUTE
[    0.080969] evm: security.SMACK64MMAP
[    0.080969] evm: security.ima
[    0.080970] evm: security.capability
[    0.081009] PM: Registering ACPI NVS region [mem 0xcc17b000-0xcc181fff] (28672 bytes)
[    0.081011] PM: Registering ACPI NVS region [mem 0xdd86b000-0xdd910fff] (679936 bytes)
[    0.081067] clocksource jiffies: mask: 0xffffffff max_cycles: 0xffffffff, max_idle_ns: 7645041785100000 ns
[    0.081121] pinctrl core: initialized pinctrl subsystem
[    0.081202] RTC time: 23:24:00, date: 08/10/15
[    0.081283] NET: Registered protocol family 16
[    0.085958] cpuidle: using governor ladder
[    0.089955] cpuidle: using governor menu
[    0.089991] ACPI FADT declares the system doesn't support PCIe ASPM, so disable it
[    0.089992] ACPI: bus type PCI registered
[    0.089994] acpiphp: ACPI Hot Plug PCI Controller Driver version: 0.5
[    0.090044] PCI: MMCONFIG for domain 0000 [bus 00-3f] at [mem 0xf8000000-0xfbffffff] (base 0xf8000000)
[    0.090045] PCI: MMCONFIG at [mem 0xf8000000-0xfbffffff] reserved in E820
[    0.090106] PCI: Using configuration type 1 for base access
[    0.090257] NMI watchdog: enabled on all CPUs, permanently consumes one hw-PMU counter.
[    0.090264] perf_event_intel: PMU erratum BJ122, BV98, HSD29 workaround disabled, HT off
[    0.098196] ACPI: Added _OSI(Module Device)
[    0.098198] ACPI: Added _OSI(Processor Device)
[    0.098198] ACPI: Added _OSI(3.0 _SCP Extensions)
[    0.098199] ACPI: Added _OSI(Processor Aggregator Device)
[    0.100685] ACPI: Executed 1 blocks of module-level executable AML code
[    0.102178] [Firmware Bug]: ACPI: BIOS _OSI(Linux) query ignored
[    0.102483] ACPI: Dynamic OEM Table Load:
[    0.102488] ACPI: SSDT 0xFFFF88021608F800 0003D3 (v01 PmRef  Cpu0Cst  00003001 INTL 20051117)
[    0.102925] ACPI: Dynamic OEM Table Load:
[    0.102928] ACPI: SSDT 0xFFFF880216017800 0005AA (v01 PmRef  ApIst    00003000 INTL 20051117)
[    0.103394] ACPI: Dynamic OEM Table Load:
[    0.103396] ACPI: SSDT 0xFFFF8802153AE400 000119 (v01 PmRef  ApCst    00003000 INTL 20051117)
[    0.103902] ACPI: Interpreter enabled
[    0.103907] ACPI Exception: AE_NOT_FOUND, While evaluating Sleep State [\_S1_] (20150410/hwxface-580)
[    0.103911] ACPI Exception: AE_NOT_FOUND, While evaluating Sleep State [\_S2_] (20150410/hwxface-580)
[    0.103922] ACPI: (supports S0 S3 S4 S5)
[    0.103924] ACPI: Using IOAPIC for interrupt routing
[    0.103962] PCI: Using host bridge windows from ACPI; if necessary, use "pci=nocrs" and report a bug
[    0.109781] ACPI: PCI Root Bridge [PCI0] (domain 0000 [bus 00-3e])
[    0.109786] acpi PNP0A08:00: _OSC: OS supports [ExtendedConfig ASPM ClockPM Segments MSI]
[    0.109927] acpi PNP0A08:00: _OSC: platform does not support [PCIeHotplug PME]
[    0.110015] acpi PNP0A08:00: _OSC: OS now controls [AER PCIeCapability]
[    0.110016] acpi PNP0A08:00: FADT indicates ASPM is unsupported, using BIOS configuration
[    0.110270] PCI host bridge to bus 0000:00
[    0.110272] pci_bus 0000:00: root bus resource [bus 00-3e]
[    0.110274] pci_bus 0000:00: root bus resource [io  0x0000-0x0cf7 window]
[    0.110275] pci_bus 0000:00: root bus resource [io  0x0d00-0xffff window]
[    0.110276] pci_bus 0000:00: root bus resource [mem 0x000a0000-0x000bffff window]
[    0.110277] pci_bus 0000:00: root bus resource [mem 0x000d0000-0x000d3fff window]
[    0.110278] pci_bus 0000:00: root bus resource [mem 0x000d4000-0x000d7fff window]
[    0.110279] pci_bus 0000:00: root bus resource [mem 0x000d8000-0x000dbfff window]
[    0.110280] pci_bus 0000:00: root bus resource [mem 0x000dc000-0x000dffff window]
[    0.110281] pci_bus 0000:00: root bus resource [mem 0x000e0000-0x000e3fff window]
[    0.110282] pci_bus 0000:00: root bus resource [mem 0x000e4000-0x000e7fff window]
[    0.110283] pci_bus 0000:00: root bus resource [mem 0xe0000000-0xfeafffff window]
[    0.110288] pci 0000:00:00.0: [8086:0c00] type 00 class 0x060000
[    0.110350] pci 0000:00:01.0: [8086:0c01] type 01 class 0x060400
[    0.110374] pci 0000:00:01.0: PME# supported from D0 D3hot D3cold
[    0.110441] pci 0000:00:14.0: [8086:8c31] type 00 class 0x0c0330
[    0.110456] pci 0000:00:14.0: reg 0x10: [mem 0xf3200000-0xf320ffff 64bit]
[    0.110504] pci 0000:00:14.0: PME# supported from D3hot D3cold
[    0.110531] pci 0000:00:14.0: System wakeup disabled by ACPI
[    0.110557] pci 0000:00:16.0: [8086:8c3a] type 00 class 0x078000
[    0.110572] pci 0000:00:16.0: reg 0x10: [mem 0xf321a000-0xf321a00f 64bit]
[    0.110623] pci 0000:00:16.0: PME# supported from D0 D3hot D3cold
[    0.110679] pci 0000:00:1a.0: [8086:8c2d] type 00 class 0x0c0320
[    0.110694] pci 0000:00:1a.0: reg 0x10: [mem 0xf3218000-0xf32183ff]
[    0.110761] pci 0000:00:1a.0: PME# supported from D0 D3hot D3cold
[    0.110798] pci 0000:00:1a.0: System wakeup disabled by ACPI
[    0.110825] pci 0000:00:1b.0: [8086:8c20] type 00 class 0x040300
[    0.110838] pci 0000:00:1b.0: reg 0x10: [mem 0xf3210000-0xf3213fff 64bit]
[    0.110893] pci 0000:00:1b.0: PME# supported from D0 D3hot D3cold
[    0.110920] pci 0000:00:1b.0: System wakeup disabled by ACPI
[    0.110946] pci 0000:00:1c.0: [8086:8c10] type 01 class 0x060400
[    0.110996] pci 0000:00:1c.0: PME# supported from D0 D3hot D3cold
[    0.111046] pci 0000:00:1c.0: System wakeup disabled by ACPI
[    0.111073] pci 0000:00:1c.3: [8086:8c16] type 01 class 0x060400
[    0.111123] pci 0000:00:1c.3: PME# supported from D0 D3hot D3cold
[    0.111169] pci 0000:00:1c.3: System wakeup disabled by ACPI
[    0.111200] pci 0000:00:1d.0: [8086:8c26] type 00 class 0x0c0320
[    0.111215] pci 0000:00:1d.0: reg 0x10: [mem 0xf3217000-0xf32173ff]
[    0.111283] pci 0000:00:1d.0: PME# supported from D0 D3hot D3cold
[    0.111318] pci 0000:00:1d.0: System wakeup disabled by ACPI
[    0.111346] pci 0000:00:1f.0: [8086:8c50] type 00 class 0x060100
[    0.111479] pci 0000:00:1f.2: [8086:8c02] type 00 class 0x010601
[    0.111490] pci 0000:00:1f.2: reg 0x10: [io  0xf070-0xf077]
[    0.111497] pci 0000:00:1f.2: reg 0x14: [io  0xf060-0xf063]
[    0.111502] pci 0000:00:1f.2: reg 0x18: [io  0xf050-0xf057]
[    0.111509] pci 0000:00:1f.2: reg 0x1c: [io  0xf040-0xf043]
[    0.111514] pci 0000:00:1f.2: reg 0x20: [io  0xf020-0xf03f]
[    0.111521] pci 0000:00:1f.2: reg 0x24: [mem 0xf3216000-0xf32167ff]
[    0.111547] pci 0000:00:1f.2: PME# supported from D3hot
[    0.111592] pci 0000:00:1f.3: [8086:8c22] type 00 class 0x0c0500
[    0.111604] pci 0000:00:1f.3: reg 0x10: [mem 0xf3215000-0xf32150ff 64bit]
[    0.111622] pci 0000:00:1f.3: reg 0x20: [io  0xf000-0xf01f]
[    0.111709] pci 0000:01:00.0: [10de:1381] type 00 class 0x030000
[    0.111719] pci 0000:01:00.0: reg 0x10: [mem 0xf2000000-0xf2ffffff]
[    0.111728] pci 0000:01:00.0: reg 0x14: [mem 0xe0000000-0xefffffff 64bit pref]
[    0.111737] pci 0000:01:00.0: reg 0x1c: [mem 0xf0000000-0xf1ffffff 64bit pref]
[    0.111743] pci 0000:01:00.0: reg 0x24: [io  0xe000-0xe07f]
[    0.111749] pci 0000:01:00.0: reg 0x30: [mem 0xf3000000-0xf307ffff pref]
[    0.111812] pci 0000:01:00.1: [10de:0fbc] type 00 class 0x040300
[    0.111821] pci 0000:01:00.1: reg 0x10: [mem 0xf3080000-0xf3083fff]
[    0.119404] pci 0000:00:01.0: PCI bridge to [bus 01]
[    0.119406] pci 0000:00:01.0:   bridge window [io  0xe000-0xefff]
[    0.119408] pci 0000:00:01.0:   bridge window [mem 0xe0000000-0xf30fffff]
[    0.119441] pci 0000:00:1c.0: PCI bridge to [bus 02]
[    0.119491] pci 0000:03:00.0: [10ec:8168] type 00 class 0x020000
[    0.119509] pci 0000:03:00.0: reg 0x10: [io  0xd000-0xd0ff]
[    0.119535] pci 0000:03:00.0: reg 0x18: [mem 0xf3104000-0xf3104fff 64bit]
[    0.119552] pci 0000:03:00.0: reg 0x20: [mem 0xf3100000-0xf3103fff 64bit pref]
[    0.119627] pci 0000:03:00.0: supports D1 D2
[    0.119628] pci 0000:03:00.0: PME# supported from D0 D1 D2 D3hot D3cold
[    0.127521] pci 0000:00:1c.3: PCI bridge to [bus 03]
[    0.127524] pci 0000:00:1c.3:   bridge window [io  0xd000-0xdfff]
[    0.127527] pci 0000:00:1c.3:   bridge window [mem 0xf3100000-0xf31fffff]
[    0.128108] ACPI: PCI Interrupt Link [LNKA] (IRQs 3 4 5 6 10 *11 12 14 15)
[    0.128140] ACPI: PCI Interrupt Link [LNKB] (IRQs 3 4 5 6 *10 11 12 14 15)
[    0.128169] ACPI: PCI Interrupt Link [LNKC] (IRQs *3 4 5 6 10 11 12 14 15)
[    0.128198] ACPI: PCI Interrupt Link [LNKD] (IRQs *3 4 5 6 10 11 12 14 15)
[    0.128227] ACPI: PCI Interrupt Link [LNKE] (IRQs 3 4 5 6 10 11 12 14 15) *0, disabled.
[    0.128256] ACPI: PCI Interrupt Link [LNKF] (IRQs 3 4 5 6 10 11 12 14 15) *0, disabled.
[    0.128285] ACPI: PCI Interrupt Link [LNKG] (IRQs 3 4 5 6 10 *11 12 14 15)
[    0.128315] ACPI: PCI Interrupt Link [LNKH] (IRQs 3 4 5 6 *10 11 12 14 15)
[    0.128444] ACPI: Enabled 4 GPEs in block 00 to 3F
[    0.128522] vgaarb: setting as boot device: PCI:0000:01:00.0
[    0.128524] vgaarb: device added: PCI:0000:01:00.0,decodes=io+mem,owns=io+mem,locks=none
[    0.128524] vgaarb: loaded
[    0.128525] vgaarb: bridge control possible 0000:01:00.0
[    0.128678] SCSI subsystem initialized
[    0.128706] libata version 3.00 loaded.
[    0.128723] ACPI: bus type USB registered
[    0.128736] usbcore: registered new interface driver usbfs
[    0.128741] usbcore: registered new interface driver hub
[    0.128747] usbcore: registered new device driver usb
[    0.128832] PCI: Using ACPI for IRQ routing
[    0.130066] PCI: pci_cache_line_size set to 64 bytes
[    0.130097] e820: reserve RAM buffer [mem 0x0009d800-0x0009ffff]
[    0.130098] e820: reserve RAM buffer [mem 0xcc17b000-0xcfffffff]
[    0.130099] e820: reserve RAM buffer [mem 0xcc8da000-0xcfffffff]
[    0.130100] e820: reserve RAM buffer [mem 0xdd626000-0xdfffffff]
[    0.130101] e820: reserve RAM buffer [mem 0xdd86b000-0xdfffffff]
[    0.130102] e820: reserve RAM buffer [mem 0xde000000-0xdfffffff]
[    0.130103] e820: reserve RAM buffer [mem 0x21f000000-0x21fffffff]
[    0.130184] NetLabel: Initializing
[    0.130184] NetLabel:  domain hash size = 128
[    0.130185] NetLabel:  protocols = UNLABELED CIPSOv4
[    0.130193] NetLabel:  unlabeled traffic allowed by default
[    0.130237] hpet0: at MMIO 0xfed00000, IRQs 2, 8, 0, 0, 0, 0, 0, 0
[    0.130241] hpet0: 8 comparators, 64-bit 14.318180 MHz counter
[    0.132266] Switched to clocksource hpet
[    0.136649] AppArmor: AppArmor Filesystem Enabled
[    0.136705] pnp: PnP ACPI init
[    0.136781] system 00:00: [mem 0xfed40000-0xfed44fff] has been reserved
[    0.136784] system 00:00: Plug and Play ACPI device, IDs PNP0c01 (active)
[    0.136890] system 00:01: [io  0x0680-0x069f] has been reserved
[    0.136892] system 00:01: [io  0xffff] has been reserved
[    0.136893] system 00:01: [io  0xffff] has been reserved
[    0.136894] system 00:01: [io  0xffff] has been reserved
[    0.136895] system 00:01: [io  0x1c00-0x1cfe] has been reserved
[    0.136896] system 00:01: [io  0x1d00-0x1dfe] has been reserved
[    0.136897] system 00:01: [io  0x1e00-0x1efe] has been reserved
[    0.136898] system 00:01: [io  0x1f00-0x1ffe] has been reserved
[    0.136900] system 00:01: [io  0x1800-0x18fe] could not be reserved
[    0.136901] system 00:01: [io  0x164e-0x164f] has been reserved
[    0.136903] system 00:01: Plug and Play ACPI device, IDs PNP0c02 (active)
[    0.136925] pnp 00:02: Plug and Play ACPI device, IDs PNP0b00 (active)
[    0.136955] system 00:03: [io  0x1854-0x1857] has been reserved
[    0.136956] system 00:03: Plug and Play ACPI device, IDs INT3f0d PNP0c02 (active)
[    0.137005] system 00:04: [io  0x0290-0x029f] has been reserved
[    0.137006] system 00:04: Plug and Play ACPI device, IDs PNP0c02 (active)
[    0.137191] pnp 00:05: [dma 3]
[    0.137255] pnp 00:05: Plug and Play ACPI device, IDs PNP0401 (active)
[    0.137375] system 00:06: [io  0x04d0-0x04d1] has been reserved
[    0.137377] system 00:06: Plug and Play ACPI device, IDs PNP0c02 (active)
[    0.137407] pnp 00:07: Plug and Play ACPI device, IDs PNP0303 PNP030b (active)
[    0.137494] pnp 00:08: [dma 0 disabled]
[    0.137527] pnp 00:08: Plug and Play ACPI device, IDs PNP0501 (active)
[    0.137831] system 00:09: [mem 0xfed1c000-0xfed1ffff] has been reserved
[    0.137833] system 00:09: [mem 0xfed10000-0xfed17fff] has been reserved
[    0.137835] system 00:09: [mem 0xfed18000-0xfed18fff] has been reserved
[    0.137836] system 00:09: [mem 0xfed19000-0xfed19fff] has been reserved
[    0.137837] system 00:09: [mem 0xf8000000-0xfbffffff] has been reserved
[    0.137839] system 00:09: [mem 0xfed20000-0xfed3ffff] has been reserved
[    0.137840] system 00:09: [mem 0xfed90000-0xfed93fff] has been reserved
[    0.137842] system 00:09: [mem 0xfed45000-0xfed8ffff] has been reserved
[    0.137843] system 00:09: [mem 0xff000000-0xffffffff] has been reserved
[    0.137845] system 00:09: [mem 0xfee00000-0xfeefffff] could not be reserved
[    0.137846] system 00:09: [mem 0xf7fef000-0xf7feffff] has been reserved
[    0.137847] system 00:09: [mem 0xf7ff0000-0xf7ff0fff] has been reserved
[    0.137849] system 00:09: Plug and Play ACPI device, IDs PNP0c02 (active)
[    0.138029] pnp: PnP ACPI: found 10 devices
[    0.143676] clocksource acpi_pm: mask: 0xffffff max_cycles: 0xffffff, max_idle_ns: 2085701024 ns
[    0.143691] pci 0000:00:1c.0: bridge window [io  0x1000-0x0fff] to [bus 02] add_size 1000
[    0.143693] pci 0000:00:1c.0: bridge window [mem 0x00100000-0x000fffff 64bit pref] to [bus 02] add_size 200000 add_align 100000
[    0.143694] pci 0000:00:1c.0: bridge window [mem 0x00100000-0x000fffff] to [bus 02] add_size 200000 add_align 100000
[    0.143702] pci 0000:00:1c.0: res[14]=[mem 0x00100000-0x000fffff] res_to_dev_res add_size 200000 min_align 100000
[    0.143703] pci 0000:00:1c.0: res[14]=[mem 0x00100000-0x002fffff] res_to_dev_res add_size 200000 min_align 100000
[    0.143705] pci 0000:00:1c.0: res[15]=[mem 0x00100000-0x000fffff 64bit pref] res_to_dev_res add_size 200000 min_align 100000
[    0.143706] pci 0000:00:1c.0: res[15]=[mem 0x00100000-0x002fffff 64bit pref] res_to_dev_res add_size 200000 min_align 100000
[    0.143707] pci 0000:00:1c.0: res[13]=[io  0x1000-0x0fff] res_to_dev_res add_size 1000 min_align 1000
[    0.143708] pci 0000:00:1c.0: res[13]=[io  0x1000-0x1fff] res_to_dev_res add_size 1000 min_align 1000
[    0.143713] pci 0000:00:1c.0: BAR 14: assigned [mem 0xf3300000-0xf34fffff]
[    0.143718] pci 0000:00:1c.0: BAR 15: assigned [mem 0xf3500000-0xf36fffff 64bit pref]
[    0.143719] pci 0000:00:1c.0: BAR 13: assigned [io  0x2000-0x2fff]
[    0.143721] pci 0000:00:01.0: PCI bridge to [bus 01]
[    0.143723] pci 0000:00:01.0:   bridge window [io  0xe000-0xefff]
[    0.143725] pci 0000:00:01.0:   bridge window [mem 0xe0000000-0xf30fffff]
[    0.143728] pci 0000:00:1c.0: PCI bridge to [bus 02]
[    0.143730] pci 0000:00:1c.0:   bridge window [io  0x2000-0x2fff]
[    0.143734] pci 0000:00:1c.0:   bridge window [mem 0xf3300000-0xf34fffff]
[    0.143736] pci 0000:00:1c.0:   bridge window [mem 0xf3500000-0xf36fffff 64bit pref]
[    0.143740] pci 0000:00:1c.3: PCI bridge to [bus 03]
[    0.143742] pci 0000:00:1c.3:   bridge window [io  0xd000-0xdfff]
[    0.143746] pci 0000:00:1c.3:   bridge window [mem 0xf3100000-0xf31fffff]
[    0.143752] pci_bus 0000:00: resource 4 [io  0x0000-0x0cf7 window]
[    0.143753] pci_bus 0000:00: resource 5 [io  0x0d00-0xffff window]
[    0.143754] pci_bus 0000:00: resource 6 [mem 0x000a0000-0x000bffff window]
[    0.143755] pci_bus 0000:00: resource 7 [mem 0x000d0000-0x000d3fff window]
[    0.143756] pci_bus 0000:00: resource 8 [mem 0x000d4000-0x000d7fff window]
[    0.143757] pci_bus 0000:00: resource 9 [mem 0x000d8000-0x000dbfff window]
[    0.143758] pci_bus 0000:00: resource 10 [mem 0x000dc000-0x000dffff window]
[    0.143759] pci_bus 0000:00: resource 11 [mem 0x000e0000-0x000e3fff window]
[    0.143760] pci_bus 0000:00: resource 12 [mem 0x000e4000-0x000e7fff window]
[    0.143762] pci_bus 0000:00: resource 13 [mem 0xe0000000-0xfeafffff window]
[    0.143763] pci_bus 0000:01: resource 0 [io  0xe000-0xefff]
[    0.143764] pci_bus 0000:01: resource 1 [mem 0xe0000000-0xf30fffff]
[    0.143765] pci_bus 0000:02: resource 0 [io  0x2000-0x2fff]
[    0.143766] pci_bus 0000:02: resource 1 [mem 0xf3300000-0xf34fffff]
[    0.143767] pci_bus 0000:02: resource 2 [mem 0xf3500000-0xf36fffff 64bit pref]
[    0.143768] pci_bus 0000:03: resource 0 [io  0xd000-0xdfff]
[    0.143769] pci_bus 0000:03: resource 1 [mem 0xf3100000-0xf31fffff]
[    0.143793] NET: Registered protocol family 2
[    0.143918] TCP established hash table entries: 65536 (order: 7, 524288 bytes)
[    0.144054] TCP bind hash table entries: 65536 (order: 8, 1048576 bytes)
[    0.144239] TCP: Hash tables configured (established 65536 bind 65536)
[    0.144267] UDP hash table entries: 4096 (order: 5, 131072 bytes)
[    0.144296] UDP-Lite hash table entries: 4096 (order: 5, 131072 bytes)
[    0.144343] NET: Registered protocol family 1
[    0.184273] pci 0000:01:00.0: Video device with shadowed ROM
[    0.184282] PCI: CLS 64 bytes, default 64
[    0.184318] Trying to unpack rootfs image as initramfs...
[    2.614007] Freeing initrd memory: 208524K (ffff88001e8aa000 - ffff88002b44d000)
[    2.614028] PCI-DMA: Using software bounce buffering for IO (SWIOTLB)
[    2.614030] software IO TLB [mem 0xd9626000-0xdd626000] (64MB) mapped at [ffff8800d9626000-ffff8800dd625fff]
[    2.614085] RAPL PMU detected, API unit is 2^-32 Joules, 4 fixed counters 655360 ms ovfl timer
[    2.614086] hw unit of domain pp0-core 2^-14 Joules
[    2.614087] hw unit of domain package 2^-14 Joules
[    2.614088] hw unit of domain dram 2^-14 Joules
[    2.614088] hw unit of domain pp1-gpu 2^-14 Joules
[    2.614183] microcode: CPU0 sig=0x306c3, pf=0x2, revision=0x9
[    2.614186] microcode: CPU1 sig=0x306c3, pf=0x2, revision=0x9
[    2.614225] microcode: Microcode Update Driver: v2.00 <tigran@aivazian.fsnet.co.uk>, Peter Oruba
[    2.614240] Scanning for low memory corruption every 60 seconds
[    2.614448] futex hash table entries: 512 (order: 3, 32768 bytes)
[    2.614461] Initialise system trusted keyring
[    2.614477] audit: initializing netlink subsys (disabled)
[    2.614490] audit: type=2000 audit(1439249042.612:1): initialized
[    2.614733] HugeTLB registered 1 GB page size, pre-allocated 0 pages
[    2.614734] HugeTLB registered 2 MB page size, pre-allocated 0 pages
[    2.615762] zpool: loaded
[    2.615764] zbud: loaded
[    2.615883] VFS: Disk quotas dquot_6.6.0
[    2.615908] VFS: Dquot-cache hash table entries: 512 (order 0, 4096 bytes)
[    2.616208] fuse init (API version 7.23)
[    2.616303] Key type big_key registered
[    2.616553] Key type asymmetric registered
[    2.616556] Asymmetric key parser 'x509' registered
[    2.616582] Block layer SCSI generic (bsg) driver version 0.4 loaded (major 251)
[    2.616603] io scheduler noop registered
[    2.616606] io scheduler deadline registered (default)
[    2.616626] io scheduler cfq registered
[    2.616918] pci_hotplug: PCI Hot Plug PCI Core version: 0.5
[    2.616929] pciehp: PCI Express Hot Plug Controller Driver version: 0.4
[    2.616952] intel_idle: MWAIT substates: 0x2120
[    2.616953] intel_idle: v0.4 model 0x3C
[    2.616954] intel_idle: lapic_timer_reliable_states 0xffffffff
[    2.617062] input: Power Button as /devices/LNXSYSTM:00/LNXSYBUS:00/PNP0C0C:00/input/input0
[    2.617065] ACPI: Power Button [PWRB]
[    2.617089] input: Power Button as /devices/LNXSYSTM:00/LNXPWRBN:00/input/input1
[    2.617090] ACPI: Power Button [PWRF]
[    2.617212] GHES: HEST is not enabled!
[    2.617283] Serial: 8250/16550 driver, 32 ports, IRQ sharing enabled
[    2.637629] 00:08: ttyS0 at I/O 0x3f8 (irq = 4, base_baud = 115200) is a 16550A
[    2.638708] Linux agpgart interface v0.103
[    2.639941] brd: module loaded
[    2.640513] loop: module loaded
[    2.640651] libphy: Fixed MDIO Bus: probed
[    2.640654] tun: Universal TUN/TAP device driver, 1.6
[    2.640654] tun: (C) 1999-2004 Max Krasnyansky <maxk@qualcomm.com>
[    2.640682] PPP generic driver version 2.4.2
[    2.640802] xhci_hcd 0000:00:14.0: xHCI Host Controller
[    2.640807] xhci_hcd 0000:00:14.0: new USB bus registered, assigned bus number 1
[    2.640881] xhci_hcd 0000:00:14.0: hcc params 0x200077c1 hci version 0x100 quirks 0x00009810
[    2.640886] xhci_hcd 0000:00:14.0: cache line size of 64 is not supported
[    2.640943] usb usb1: New USB device found, idVendor=1d6b, idProduct=0002
[    2.640944] usb usb1: New USB device strings: Mfr=3, Product=2, SerialNumber=1
[    2.640945] usb usb1: Product: xHCI Host Controller
[    2.640946] usb usb1: Manufacturer: Linux 4.1.2 xhci-hcd
[    2.640947] usb usb1: SerialNumber: 0000:00:14.0
[    2.641018] hub 1-0:1.0: USB hub found
[    2.641031] hub 1-0:1.0: 12 ports detected
[    2.642388] xhci_hcd 0000:00:14.0: xHCI Host Controller
[    2.642391] xhci_hcd 0000:00:14.0: new USB bus registered, assigned bus number 2
[    2.642417] usb usb2: New USB device found, idVendor=1d6b, idProduct=0003
[    2.642418] usb usb2: New USB device strings: Mfr=3, Product=2, SerialNumber=1
[    2.642419] usb usb2: Product: xHCI Host Controller
[    2.642420] usb usb2: Manufacturer: Linux 4.1.2 xhci-hcd
[    2.642421] usb usb2: SerialNumber: 0000:00:14.0
[    2.642497] hub 2-0:1.0: USB hub found
[    2.642507] hub 2-0:1.0: 6 ports detected
[    2.643195] ehci_hcd: USB 2.0 'Enhanced' Host Controller (EHCI) Driver
[    2.643200] ehci-pci: EHCI PCI platform driver
[    2.643258] ehci-pci 0000:00:1a.0: EHCI Host Controller
[    2.643262] ehci-pci 0000:00:1a.0: new USB bus registered, assigned bus number 3
[    2.643271] ehci-pci 0000:00:1a.0: debug port 2
[    2.647174] ehci-pci 0000:00:1a.0: cache line size of 64 is not supported
[    2.647183] ehci-pci 0000:00:1a.0: irq 16, io mem 0xf3218000
[    2.661102] ehci-pci 0000:00:1a.0: USB 2.0 started, EHCI 1.00
[    2.661123] usb usb3: New USB device found, idVendor=1d6b, idProduct=0002
[    2.661125] usb usb3: New USB device strings: Mfr=3, Product=2, SerialNumber=1
[    2.661126] usb usb3: Product: EHCI Host Controller
[    2.661127] usb usb3: Manufacturer: Linux 4.1.2 ehci_hcd
[    2.661127] usb usb3: SerialNumber: 0000:00:1a.0
[    2.661247] hub 3-0:1.0: USB hub found
[    2.661251] hub 3-0:1.0: 2 ports detected
[    2.661381] ehci-pci 0000:00:1d.0: EHCI Host Controller
[    2.661385] ehci-pci 0000:00:1d.0: new USB bus registered, assigned bus number 4
[    2.661394] ehci-pci 0000:00:1d.0: debug port 2
[    2.665279] ehci-pci 0000:00:1d.0: cache line size of 64 is not supported
[    2.665289] ehci-pci 0000:00:1d.0: irq 23, io mem 0xf3217000
[    2.677088] ehci-pci 0000:00:1d.0: USB 2.0 started, EHCI 1.00
[    2.677111] usb usb4: New USB device found, idVendor=1d6b, idProduct=0002
[    2.677113] usb usb4: New USB device strings: Mfr=3, Product=2, SerialNumber=1
[    2.677114] usb usb4: Product: EHCI Host Controller
[    2.677115] usb usb4: Manufacturer: Linux 4.1.2 ehci_hcd
[    2.677116] usb usb4: SerialNumber: 0000:00:1d.0
[    2.677235] hub 4-0:1.0: USB hub found
[    2.677240] hub 4-0:1.0: 2 ports detected
[    2.677316] ehci-platform: EHCI generic platform driver
[    2.677324] ohci_hcd: USB 1.1 'Open' Host Controller (OHCI) Driver
[    2.677328] ohci-pci: OHCI PCI platform driver
[    2.677337] ohci-platform: OHCI generic platform driver
[    2.677342] uhci_hcd: USB Universal Host Controller Interface driver
[    2.677380] i8042: PNP: PS/2 Controller [PNP0303:PS2K] at 0x60,0x64 irq 1
[    2.677381] i8042: PNP: PS/2 appears to have AUX port disabled, if this is incorrect please boot with i8042.nopnp
[    2.677855] serio: i8042 KBD port at 0x60,0x64 irq 1
[    2.678070] mousedev: PS/2 mouse device common for all mice
[    2.678341] rtc_cmos 00:02: RTC can wake from S4
[    2.678441] rtc_cmos 00:02: rtc core: registered rtc_cmos as rtc0
[    2.678465] rtc_cmos 00:02: alarms up to one month, y3k, 242 bytes nvram, hpet irqs
[    2.678475] i2c /dev entries driver
[    2.678503] device-mapper: uevent: version 1.0.3
[    2.678576] device-mapper: ioctl: 4.31.0-ioctl (2015-3-12) initialised: dm-devel@redhat.com
[    2.678586] Intel P-state driver initializing.
[    2.678638] ledtrig-cpu: registered to indicate activity on CPUs
[    2.678760] PCCT header not found.
[    2.678888] NET: Registered protocol family 10
[    2.679019] NET: Registered protocol family 17
[    2.679034] Key type dns_resolver registered
[    2.679219] Loading compiled-in X.509 certificates
[    2.679815] Loaded X.509 cert 'Build time autogenerated kernel key: bc370f6f0a363513e983f9e5f21f017b2e7b31fd'
[    2.679828] registered taskstats version 1
[    2.681087] Key type trusted registered
[    2.683194] Key type encrypted registered
[    2.683200] AppArmor: AppArmor sha1 policy hashing enabled
[    2.683203] ima: No TPM chip found, activating TPM-bypass!
[    2.683218] evm: HMAC attrs: 0x1
[    2.683452]   Magic number: 11:578:453
[    2.683540] rtc_cmos 00:02: setting system clock to 2015-08-10 23:24:02 UTC (1439249042)
[    2.683577] BIOS EDD facility v0.16 2004-Jun-25, 0 devices found
[    2.683578] EDD information not available.
[    2.683632] PM: Hibernation image not present or could not be loaded.
[    2.683845] Freeing unused kernel memory: 1424K (ffffffff81d48000 - ffffffff81eac000)
[    2.683846] Write protecting the kernel read-only data: 12288k
[    2.683959] Freeing unused kernel memory: 120K (ffff8800017e2000 - ffff880001800000)
[    2.684015] Freeing unused kernel memory: 328K (ffff880001bae000 - ffff880001c00000)
[    2.691294] random: systemd-udevd urandom read with 2 bits of entropy available
[    2.702691] input: AT Translated Set 2 keyboard as /devices/platform/i8042/serio0/input/input2
[    2.715875] ahci 0000:00:1f.2: version 3.0
[    2.716502] r8169 Gigabit Ethernet driver 2.3LK-NAPI loaded
[    2.716509] r8169 0000:03:00.0: can't disable ASPM; OS doesn't have ASPM control
[    2.716601] ahci 0000:00:1f.2: AHCI 0001.0300 32 slots 6 ports 6 Gbps 0x9 impl SATA mode
[    2.716603] ahci 0000:00:1f.2: flags: 64bit ncq led clo pio slum part ems apst 
[    2.723554] r8169 0000:03:00.0 eth0: RTL8168g/8111g at 0xffffc90000e54000, d0:50:99:36:4c:c0, XID 0c000800 IRQ 27
[    2.723556] r8169 0000:03:00.0 eth0: jumbo features [frames: 9200 bytes, tx checksumming: ko]
[    2.725183] scsi host0: ahci
[    2.728997] scsi host1: ahci
[    2.731938] scsi host2: ahci
[    2.732110] scsi host3: ahci
[    2.732281] scsi host4: ahci
[    2.732445] scsi host5: ahci
[    2.732477] ata1: SATA max UDMA/133 abar m2048@0xf3216000 port 0xf3216100 irq 26
[    2.732479] ata2: DUMMY
[    2.732479] ata3: DUMMY
[    2.732481] ata4: SATA max UDMA/133 abar m2048@0xf3216000 port 0xf3216280 irq 26
[    2.732482] ata5: DUMMY
[    2.732482] ata6: DUMMY
[    2.853026] usb 2-2: new SuperSpeed USB device number 2 using xhci_hcd
[    2.871814] usb 2-2: New USB device found, idVendor=05e3, idProduct=0612
[    2.871816] usb 2-2: New USB device strings: Mfr=1, Product=2, SerialNumber=0
[    2.871817] usb 2-2: Product: USB3.0 Hub
[    2.871818] usb 2-2: Manufacturer: GenesysLogic
[    2.872684] hub 2-2:1.0: USB hub found
[    2.872997] hub 2-2:1.0: 4 ports detected
[    2.952735] usb 1-2: new high-speed USB device number 2 using xhci_hcd
[    2.972708] usb 3-1: new high-speed USB device number 2 using ehci-pci
[    2.988694] usb 4-1: new high-speed USB device number 2 using ehci-pci
[    3.048612] ata4: SATA link up 6.0 Gbps (SStatus 133 SControl 300)
[    3.048628] ata1: SATA link up 6.0 Gbps (SStatus 133 SControl 300)
[    3.048885] ata4.00: supports DRM functions and may not be fully accessible
[    3.049056] ata4.00: failed to get NCQ Send/Recv Log Emask 0x1
[    3.049058] ata4.00: ATA-9: Samsung SSD 850 EVO 120GB, EMT01B6Q, max UDMA/133
[    3.049059] ata4.00: 234441648 sectors, multi 1: LBA48 NCQ (depth 31/32), AA
[    3.049668] ata4.00: supports DRM functions and may not be fully accessible
[    3.049771] ata4.00: failed to get NCQ Send/Recv Log Emask 0x1
[    3.049937] ata4.00: configured for UDMA/133
[    3.050579] ata1.00: supports DRM functions and may not be fully accessible
[    3.050681] ata1.00: failed to get NCQ Send/Recv Log Emask 0x1
[    3.050683] ata1.00: ATA-9: Samsung SSD 840 EVO 120GB, EXT0CB6Q, max UDMA/133
[    3.050684] ata1.00: 234441648 sectors, multi 1: LBA48 NCQ (depth 31/32), AA
[    3.050885] ata1.00: supports DRM functions and may not be fully accessible
[    3.050947] ata1.00: failed to get NCQ Send/Recv Log Emask 0x1
[    3.050948] ata1.00: configured for UDMA/133
[    3.051031] scsi 0:0:0:0: Direct-Access     ATA      Samsung SSD 840  CB6Q PQ: 0 ANSI: 5
[    3.051204] sd 0:0:0:0: Attached scsi generic sg0 type 0
[    3.051204] sd 0:0:0:0: [sda] 234441648 512-byte logical blocks: (120 GB/111 GiB)
[    3.051241] sd 0:0:0:0: [sda] Write Protect is off
[    3.051243] sd 0:0:0:0: [sda] Mode Sense: 00 3a 00 00
[    3.051253] sd 0:0:0:0: [sda] Write cache: enabled, read cache: enabled, doesn't support DPO or FUA
[    3.051267] scsi 3:0:0:0: Direct-Access     ATA      Samsung SSD 850  1B6Q PQ: 0 ANSI: 5
[    3.051367] sd 3:0:0:0: [sdb] 234441648 512-byte logical blocks: (120 GB/111 GiB)
[    3.051436] sd 3:0:0:0: Attached scsi generic sg1 type 0
[    3.051459] sd 3:0:0:0: [sdb] Write Protect is off
[    3.051461] sd 3:0:0:0: [sdb] Mode Sense: 00 3a 00 00
[    3.051475] sd 3:0:0:0: [sdb] Write cache: enabled, read cache: enabled, doesn't support DPO or FUA
[    3.051657]  sda: sda1 sda2
[    3.051685]  sdb: sdb1
[    3.051818] sd 3:0:0:0: [sdb] Attached SCSI disk
[    3.051926] sd 0:0:0:0: [sda] Attached SCSI disk
[    3.092831] usb 1-2: New USB device found, idVendor=05e3, idProduct=0610
[    3.092834] usb 1-2: New USB device strings: Mfr=1, Product=2, SerialNumber=0
[    3.092835] usb 1-2: Product: USB2.0 Hub
[    3.092836] usb 1-2: Manufacturer: GenesysLogic
[    3.094409] hub 1-2:1.0: USB hub found
[    3.095990] hub 1-2:1.0: 4 ports detected
[    3.104918] usb 3-1: New USB device found, idVendor=8087, idProduct=8008
[    3.104920] usb 3-1: New USB device strings: Mfr=0, Product=0, SerialNumber=0
[    3.105189] hub 3-1:1.0: USB hub found
[    3.105288] hub 3-1:1.0: 6 ports detected
[    3.120919] usb 4-1: New USB device found, idVendor=8087, idProduct=8000
[    3.120921] usb 4-1: New USB device strings: Mfr=0, Product=0, SerialNumber=0
[    3.121161] hub 4-1:1.0: USB hub found
[    3.121280] hub 4-1:1.0: 6 ports detected
[    3.272337] usb 1-3: new full-speed USB device number 3 using xhci_hcd
[    3.402226] usb 1-3: New USB device found, idVendor=046d, idProduct=c247
[    3.402229] usb 1-3: New USB device strings: Mfr=1, Product=2, SerialNumber=0
[    3.402230] usb 1-3: Product: Gaming Mouse G100
[    3.402231] usb 1-3: Manufacturer: Logitech
[    3.408885] hidraw: raw HID events driver (C) Jiri Kosina
[    3.414395] usbcore: registered new interface driver usbhid
[    3.414397] usbhid: USB HID core driver
[    3.416212] input: Logitech Gaming Mouse G100 as /devices/pci0000:00/0000:00:14.0/usb1/1-3/1-3:1.0/0003:046D:C247.0001/input/input3
[    3.416271] hid-generic 0003:046D:C247.0001: input,hidraw0: USB HID v1.10 Mouse [Logitech Gaming Mouse G100] on usb-0000:00:14.0-3/input0
[    3.567953] usb 1-5: new high-speed USB device number 4 using xhci_hcd
[    3.611890] tsc: Refined TSC clocksource calibration: 3099.100 MHz
[    3.611893] clocksource tsc: mask: 0xffffffffffffffff max_cycles: 0x2cabf5719f8, max_idle_ns: 440795279602 ns
[    3.767620] usb 1-5: New USB device found, idVendor=148f, idProduct=3572
[    3.767623] usb 1-5: New USB device strings: Mfr=1, Product=2, SerialNumber=3
[    3.767624] usb 1-5: Product: 802.11 n WLAN
[    3.767625] usb 1-5: Manufacturer: Ralink
[    3.767626] usb 1-5: SerialNumber: 1.0
[    4.142272] EXT4-fs (sdb1): mounted filesystem with ordered data mode. Opts: (null)
[    4.230967] systemd[1]: RTC configured in localtime, applying delta of 540 minutes to system time.
[    4.248866] systemd[1]: Inserted module 'autofs4'
[    4.253020] systemd[1]: systemd 219 running in system mode. (+PAM +AUDIT +SELINUX +IMA +APPARMOR +SMACK +SYSVINIT +UTMP +LIBCRYPTSETUP +GCRYPT -GNUTLS +ACL +XZ -LZ4 -SECCOMP +BLKID -ELFUTILS +KMOD -IDN)
[    4.253099] systemd[1]: Detected architecture x86-64.
[    4.253381] systemd[1]: Set hostname to <ap-desktop>.
[    4.308861] systemd[1]: Started Forward Password Requests to Wall Directory Watch.
[    4.308869] systemd[1]: Starting Forward Password Requests to Wall Directory Watch.
[    4.308914] systemd[1]: Reached target Remote File Systems (Pre).
[    4.308919] systemd[1]: Starting Remote File Systems (Pre).
[    4.308954] systemd[1]: Created slice Root Slice.
[    4.308959] systemd[1]: Starting Root Slice.
[    4.308990] systemd[1]: Listening on Delayed Shutdown Socket.
[    4.308995] systemd[1]: Starting Delayed Shutdown Socket.
[    4.309020] systemd[1]: Listening on fsck to fsckd communication Socket.
[    4.309025] systemd[1]: Starting fsck to fsckd communication Socket.
[    4.309057] systemd[1]: Listening on udev Kernel Socket.
[    4.309062] systemd[1]: Starting udev Kernel Socket.
[    4.309083] systemd[1]: Reached target Swap.
[    4.309087] systemd[1]: Starting Swap.
[    4.309150] systemd[1]: Listening on Journal Audit Socket.
[    4.309155] systemd[1]: Starting Journal Audit Socket.
[    4.309285] systemd[1]: Set up automount Arbitrary Executable File Formats File System Automount Point.
[    4.309292] systemd[1]: Starting Arbitrary Executable File Formats File System Automount Point.
[    4.309363] systemd[1]: Created slice System Slice.
[    4.309373] systemd[1]: Starting System Slice.
[    4.309440] systemd[1]: Created slice system-getty.slice.
[    4.309445] systemd[1]: Starting system-getty.slice.
[    4.309734] systemd[1]: Starting Increase datagram queue length...
[    4.309829] systemd[1]: Listening on Journal Socket.
[    4.309842] systemd[1]: Starting Journal Socket.
[    4.310155] systemd[1]: Mounting Debug File System...
[    4.310896] systemd[1]: Starting Uncomplicated firewall...
[    4.311348] systemd[1]: Started Braille Device Support.
[    4.311617] systemd[1]: Starting Braille Device Support...
[    4.312111] systemd[1]: Starting Create list of required static device nodes for the current kernel...
[    4.314111] systemd[1]: Started Set Up Additional Binary Formats.
[    4.314188] systemd[1]: Listening on Journal Socket (/dev/log).
[    4.314196] systemd[1]: Starting Journal Socket (/dev/log).
[    4.314653] systemd[1]: Mounting Huge Pages File System...
[    4.315322] systemd[1]: Starting Nameserver information manager...
[    4.317943] systemd[1]: Starting Load Kernel Modules...
[    4.317987] systemd[1]: Reached target Encrypted Volumes.
[    4.317997] systemd[1]: Starting Encrypted Volumes.
[    4.318332] systemd[1]: Started Read required files in advance.
[    4.318467] systemd[1]: Starting Read required files in advance...
[    4.318809] systemd[1]: Mounting POSIX Message Queue File System...
[    4.318934] systemd[1]: Listening on /dev/initctl Compatibility Named Pipe.
[    4.318943] systemd[1]: Starting /dev/initctl Compatibility Named Pipe.
[    4.319029] systemd[1]: Listening on udev Control Socket.
[    4.319037] systemd[1]: Starting udev Control Socket.
[    4.319896] systemd[1]: Starting udev Coldplug all Devices...
[    4.320388] systemd[1]: Starting Setup Virtual Console...
[    4.320545] systemd[1]: Created slice User and Session Slice.
[    4.320557] systemd[1]: Starting User and Session Slice.
[    4.320602] systemd[1]: Reached target Slices.
[    4.320607] systemd[1]: Starting Slices.
[    4.321280] systemd[1]: Mounted Huge Pages File System.
[    4.321337] systemd[1]: Mounted Debug File System.
[    4.321556] systemd[1]: Started Increase datagram queue length.
[    4.321945] systemd[1]: Started Uncomplicated firewall.
[    4.322256] systemd[1]: Started Create list of required static device nodes for the current kernel.
[    4.325019] systemd[1]: Started Setup Virtual Console.
[    4.325564] systemd[1]: Mounted POSIX Message Queue File System.
[    4.325892] systemd[1]: Started Nameserver information manager.
[    4.344210] lp: driver loaded but no devices found
[    4.345696] systemd[1]: ureadahead.service: main process exited, code=exited, status=5/NOTINSSTALLED
[    4.345861] systemd[1]: Unit ureadahead.service entered failed state.
[    4.345882] systemd[1]: ureadahead.service failed.
[    4.346018] systemd[1]: Started udev Coldplug all Devices.
[    4.351910] ppdev: user-space parallel port driver
[    4.354668] systemd[1]: Starting udev Wait for Complete Device Initialization...
[    4.355032] systemd[1]: Starting Create Static Device Nodes in /dev...
[    4.355101] systemd[1]: Listening on Syslog Socket.
[    4.355113] systemd[1]: Starting Syslog Socket.
[    4.355398] systemd[1]: Starting Journal Service...
[    4.356482] parport_pc 00:05: reported by Plug and Play ACPI
[    4.356522] parport0: PC-style at 0x378 (0x778), irq 5, dma 3 [PCSPP,TRISTATE,COMPAT,EPP,ECP,DMA]
[    4.367945] systemd[1]: Started Create Static Device Nodes in /dev.
[    4.368395] systemd[1]: Starting udev Kernel Device Manager...
[    4.378300] systemd[1]: Started Journal Service.
[    4.432310] shpchp: Standard Hot Plug PCI Controller Driver version: 0.4
[    4.450872] lp0: using parport0 (interrupt-driven).
[    4.601004] [drm] Initialized drm 1.1.0 20060810
[    4.612219] Switched to clocksource tsc
[    4.660723] intel_rapl: Found RAPL domain package
[    4.660726] intel_rapl: Found RAPL domain core
[    4.660728] intel_rapl: Found RAPL domain dram
[    4.667210] nvidia: module license 'NVIDIA' taints kernel.
[    4.667213] Disabling lock debugging due to kernel taint
[    4.670746] nvidia: module verification failed: signature and/or required key missing - tainting kernel
[    4.674262] vgaarb: device changed decodes: PCI:0000:01:00.0,olddecodes=io+mem,decodes=none:owns=io+mem
[    4.674499] [drm] Initialized nvidia-drm 0.0.0 20150116 for 0000:01:00.0 on minor 0
[    4.674503] NVRM: loading NVIDIA UNIX x86_64 Kernel Module  346.59  Tue Mar 31 14:10:31 PDT 2015
[    4.742555] snd_hda_intel 0000:01:00.1: Disabling MSI
[    4.742560] snd_hda_intel 0000:01:00.1: Handle VGA-switcheroo audio client
[    4.761716] snd_hda_codec_realtek hdaudioC0D0: autoconfig for ALC662 rev1: line_outs=1 (0x14/0x0/0x0/0x0/0x0) type:line
[    4.761720] snd_hda_codec_realtek hdaudioC0D0:    speaker_outs=0 (0x0/0x0/0x0/0x0/0x0)
[    4.761721] snd_hda_codec_realtek hdaudioC0D0:    hp_outs=1 (0x1b/0x0/0x0/0x0/0x0)
[    4.761722] snd_hda_codec_realtek hdaudioC0D0:    mono: mono_out=0x0
[    4.761723] snd_hda_codec_realtek hdaudioC0D0:    inputs:
[    4.761724] snd_hda_codec_realtek hdaudioC0D0:      Front Mic=0x19
[    4.761725] snd_hda_codec_realtek hdaudioC0D0:      Rear Mic=0x18
[    4.761726] snd_hda_codec_realtek hdaudioC0D0:      Line=0x1a
[    4.770570] input: HDA Intel PCH Front Mic as /devices/pci0000:00/0000:00:1b.0/sound/card0/input4
[    4.770606] input: HDA Intel PCH Rear Mic as /devices/pci0000:00/0000:00:1b.0/sound/card0/input5
[    4.770642] input: HDA Intel PCH Line as /devices/pci0000:00/0000:00:1b.0/sound/card0/input6
[    4.770673] input: HDA Intel PCH Line Out as /devices/pci0000:00/0000:00:1b.0/sound/card0/input7
[    4.770755] input: HDA Intel PCH Front Headphone as /devices/pci0000:00/0000:00:1b.0/sound/card0/input8
[    5.175324] input: HDA NVidia HDMI/DP,pcm=3 as /devices/pci0000:00/0000:00:01.0/0000:01:00.1/sound/card1/input9
[    5.175382] input: HDA NVidia HDMI/DP,pcm=7 as /devices/pci0000:00/0000:00:01.0/0000:01:00.1/sound/card1/input10
[    5.175429] input: HDA NVidia HDMI/DP,pcm=8 as /devices/pci0000:00/0000:00:01.0/0000:01:00.1/sound/card1/input11
[    5.666980] cfg80211: Calling CRDA to update world regulatory domain
[    5.692766] cfg80211: World regulatory domain updated:
[    5.692769] cfg80211:  DFS Master region: unset
[    5.692770] cfg80211:   (start_freq - end_freq @ bandwidth), (max_antenna_gain, max_eirp), (dfs_cac_time)
[    5.692772] cfg80211:   (2402000 KHz - 2472000 KHz @ 40000 KHz), (300 mBi, 2000 mBm), (N/A)
[    5.692774] cfg80211:   (2457000 KHz - 2482000 KHz @ 40000 KHz), (300 mBi, 2000 mBm), (N/A)
[    5.692775] cfg80211:   (2474000 KHz - 2494000 KHz @ 20000 KHz), (300 mBi, 2000 mBm), (N/A)
[    5.692775] cfg80211:   (5170000 KHz - 5250000 KHz @ 40000 KHz), (300 mBi, 2000 mBm), (N/A)
[    5.692776] cfg80211:   (5735000 KHz - 5835000 KHz @ 40000 KHz), (300 mBi, 2000 mBm), (N/A)
[    5.997030] usb 1-5: reset high-speed USB device number 4 using xhci_hcd
[    6.189842] ieee80211 phy0: rt2x00_set_rt: Info - RT chipset 3572, rev 0223 detected
[    6.199582] ieee80211 phy0: rt2x00_set_rf: Info - RF chipset 0009 detected
[    6.199704] cfg80211: Updating information on frequency 2412 MHz with regulatory rule:
[    6.199705] cfg80211: 2402000 KHz - 2472000 KHz @ 40000 KHz), (300 mBi, 2000 mBm)
[    6.199707] cfg80211: Updating information on frequency 2417 MHz with regulatory rule:
[    6.199708] cfg80211: 2402000 KHz - 2472000 KHz @ 40000 KHz), (300 mBi, 2000 mBm)
[    6.199708] cfg80211: Updating information on frequency 2422 MHz with regulatory rule:
[    6.199709] cfg80211: 2402000 KHz - 2472000 KHz @ 40000 KHz), (300 mBi, 2000 mBm)
[    6.199710] cfg80211: Updating information on frequency 2427 MHz with regulatory rule:
[    6.199710] cfg80211: 2402000 KHz - 2472000 KHz @ 40000 KHz), (300 mBi, 2000 mBm)
[    6.199711] cfg80211: Updating information on frequency 2432 MHz with regulatory rule:
[    6.199712] cfg80211: 2402000 KHz - 2472000 KHz @ 40000 KHz), (300 mBi, 2000 mBm)
[    6.199713] cfg80211: Updating information on frequency 2437 MHz with regulatory rule:
[    6.199713] cfg80211: 2402000 KHz - 2472000 KHz @ 40000 KHz), (300 mBi, 2000 mBm)
[    6.199714] cfg80211: Updating information on frequency 2442 MHz with regulatory rule:
[    6.199715] cfg80211: 2402000 KHz - 2472000 KHz @ 40000 KHz), (300 mBi, 2000 mBm)
[    6.199715] cfg80211: Updating information on frequency 2447 MHz with regulatory rule:
[    6.199716] cfg80211: 2402000 KHz - 2472000 KHz @ 40000 KHz), (300 mBi, 2000 mBm)
[    6.199717] cfg80211: Updating information on frequency 2452 MHz with regulatory rule:
[    6.199718] cfg80211: 2402000 KHz - 2472000 KHz @ 40000 KHz), (300 mBi, 2000 mBm)
[    6.199718] cfg80211: Updating information on frequency 2457 MHz with regulatory rule:
[    6.199719] cfg80211: 2402000 KHz - 2472000 KHz @ 40000 KHz), (300 mBi, 2000 mBm)
[    6.199720] cfg80211: Updating information on frequency 2462 MHz with regulatory rule:
[    6.199721] cfg80211: 2402000 KHz - 2472000 KHz @ 40000 KHz), (300 mBi, 2000 mBm)
[    6.199721] cfg80211: Updating information on frequency 2467 MHz with regulatory rule:
[    6.199722] cfg80211: 2457000 KHz - 2482000 KHz @ 40000 KHz), (300 mBi, 2000 mBm)
[    6.199723] cfg80211: Updating information on frequency 2472 MHz with regulatory rule:
[    6.199724] cfg80211: 2457000 KHz - 2482000 KHz @ 40000 KHz), (300 mBi, 2000 mBm)
[    6.199724] cfg80211: Updating information on frequency 2484 MHz with regulatory rule:
[    6.199725] cfg80211: 2474000 KHz - 2494000 KHz @ 20000 KHz), (300 mBi, 2000 mBm)
[    6.199726] cfg80211: Updating information on frequency 5180 MHz with regulatory rule:
[    6.199727] cfg80211: 5170000 KHz - 5250000 KHz @ 40000 KHz), (300 mBi, 2000 mBm)
[    6.199727] cfg80211: Updating information on frequency 5190 MHz with regulatory rule:
[    6.199728] cfg80211: 5170000 KHz - 5250000 KHz @ 40000 KHz), (300 mBi, 2000 mBm)
[    6.199729] cfg80211: Updating information on frequency 5200 MHz with regulatory rule:
[    6.199729] cfg80211: 5170000 KHz - 5250000 KHz @ 40000 KHz), (300 mBi, 2000 mBm)
[    6.199730] cfg80211: Updating information on frequency 5220 MHz with regulatory rule:
[    6.199731] cfg80211: 5170000 KHz - 5250000 KHz @ 40000 KHz), (300 mBi, 2000 mBm)
[    6.199732] cfg80211: Updating information on frequency 5230 MHz with regulatory rule:
[    6.199732] cfg80211: 5170000 KHz - 5250000 KHz @ 40000 KHz), (300 mBi, 2000 mBm)
[    6.199733] cfg80211: Updating information on frequency 5240 MHz with regulatory rule:
[    6.199734] cfg80211: 5170000 KHz - 5250000 KHz @ 40000 KHz), (300 mBi, 2000 mBm)
[    6.199735] cfg80211: Disabling freq 5260 MHz
[    6.199735] cfg80211: Disabling freq 5270 MHz
[    6.199736] cfg80211: Disabling freq 5280 MHz
[    6.199737] cfg80211: Disabling freq 5300 MHz
[    6.199737] cfg80211: Disabling freq 5310 MHz
[    6.199738] cfg80211: Disabling freq 5320 MHz
[    6.199739] cfg80211: Disabling freq 5500 MHz
[    6.199739] cfg80211: Disabling freq 5510 MHz
[    6.199740] cfg80211: Disabling freq 5520 MHz
[    6.199740] cfg80211: Disabling freq 5540 MHz
[    6.199741] cfg80211: Disabling freq 5550 MHz
[    6.199741] cfg80211: Disabling freq 5560 MHz
[    6.199742] cfg80211: Disabling freq 5580 MHz
[    6.199742] cfg80211: Disabling freq 5590 MHz
[    6.199743] cfg80211: Disabling freq 5600 MHz
[    6.199743] cfg80211: Disabling freq 5620 MHz
[    6.199744] cfg80211: Disabling freq 5630 MHz
[    6.199745] cfg80211: Disabling freq 5640 MHz
[    6.199745] cfg80211: Disabling freq 5660 MHz
[    6.199746] cfg80211: Disabling freq 5670 MHz
[    6.199746] cfg80211: Disabling freq 5680 MHz
[    6.199747] cfg80211: Disabling freq 5700 MHz
[    6.199748] cfg80211: Updating information on frequency 5745 MHz with regulatory rule:
[    6.199748] cfg80211: 5735000 KHz - 5835000 KHz @ 40000 KHz), (300 mBi, 2000 mBm)
[    6.199749] cfg80211: Updating information on frequency 5755 MHz with regulatory rule:
[    6.199750] cfg80211: 5735000 KHz - 5835000 KHz @ 40000 KHz), (300 mBi, 2000 mBm)
[    6.199751] cfg80211: Updating information on frequency 5765 MHz with regulatory rule:
[    6.199751] cfg80211: 5735000 KHz - 5835000 KHz @ 40000 KHz), (300 mBi, 2000 mBm)
[    6.199752] cfg80211: Updating information on frequency 5785 MHz with regulatory rule:
[    6.199753] cfg80211: 5735000 KHz - 5835000 KHz @ 40000 KHz), (300 mBi, 2000 mBm)
[    6.199753] cfg80211: Updating information on frequency 5795 MHz with regulatory rule:
[    6.199754] cfg80211: 5735000 KHz - 5835000 KHz @ 40000 KHz), (300 mBi, 2000 mBm)
[    6.199755] cfg80211: Updating information on frequency 5805 MHz with regulatory rule:
[    6.199756] cfg80211: 5735000 KHz - 5835000 KHz @ 40000 KHz), (300 mBi, 2000 mBm)
[    6.199756] cfg80211: Updating information on frequency 5825 MHz with regulatory rule:
[    6.199757] cfg80211: 5735000 KHz - 5835000 KHz @ 40000 KHz), (300 mBi, 2000 mBm)
[    6.199758] cfg80211: Disabling freq 5835 MHz
[    6.199758] cfg80211: Disabling freq 5845 MHz
[    6.199759] cfg80211: Disabling freq 5855 MHz
[    6.199759] cfg80211: Disabling freq 5865 MHz
[    6.203556] ieee80211 phy0: Selected rate control algorithm 'minstrel_ht'
[    6.203750] usbcore: registered new interface driver rt2800usb
[    6.204785] rt2800usb 1-5:1.0 wlan2: renamed from wlan0
[    6.241775] EXT4-fs (sdb1): re-mounted. Opts: errors=remount-ro
[    6.252429] systemd-journald[276]: Received request to flush runtime journal from PID 1
[    6.296162] audit: type=1400 audit(1439216646.111:2): apparmor="STATUS" operation="profile_load" name="/sbin/dhclient" pid=497 comm="apparmor_parser"
[    6.296167] audit: type=1400 audit(1439216646.111:3): apparmor="STATUS" operation="profile_load" name="/usr/lib/NetworkManager/nm-dhcp-client.action" pid=497 comm="apparmor_parser"
[    6.296169] audit: type=1400 audit(1439216646.111:4): apparmor="STATUS" operation="profile_load" name="/usr/lib/NetworkManager/nm-dhcp-helper" pid=497 comm="apparmor_parser"
[    6.296172] audit: type=1400 audit(1439216646.111:5): apparmor="STATUS" operation="profile_load" name="/usr/lib/connman/scripts/dhclient-script" pid=497 comm="apparmor_parser"
[    6.306647] audit: type=1400 audit(1439216646.123:6): apparmor="STATUS" operation="profile_load" name="/usr/bin/evince" pid=497 comm="apparmor_parser"
[    6.306652] audit: type=1400 audit(1439216646.123:7): apparmor="STATUS" operation="profile_load" name="sanitized_helper" pid=497 comm="apparmor_parser"
[    6.306654] audit: type=1400 audit(1439216646.123:8): apparmor="STATUS" operation="profile_load" name="/usr/bin/evince-previewer" pid=497 comm="apparmor_parser"
[    6.306657] audit: type=1400 audit(1439216646.123:9): apparmor="STATUS" operation="profile_load" name="sanitized_helper" pid=497 comm="apparmor_parser"
[    6.306659] audit: type=1400 audit(1439216646.123:10): apparmor="STATUS" operation="profile_load" name="/usr/bin/evince-thumbnailer" pid=497 comm="apparmor_parser"
[    6.534513] random: nonblocking pool is initialized
[    6.622552] r8169 0000:03:00.0 eth0: link down
[    6.623463] ieee80211 phy0: rt2x00lib_request_firmware: Info - Loading firmware file 'rt2870.bin'
[    6.623598] ieee80211 phy0: rt2x00lib_request_firmware: Info - Firmware detected - version: 0.29
[   10.479096] audit_printk_skb: 39 callbacks suppressed
[   10.479099] audit: type=1400 audit(1439216650.299:24): apparmor="DENIED" operation="open" profile="/usr/lib/telepathy/mission-control-5" name="/usr/share/dconf/profile/gdm" pid=958 comm="mission-control" requested_mask="r" denied_mask="r" fsuid=121 ouid=0
[   12.017090] /dev/vmmon[1036]: Module vmmon: registered with major=10 minor=165
[   12.017094] /dev/vmmon[1036]: Module vmmon: initialized
[   12.035596] Guest personality initialized and is inactive
[   12.035633] VMCI host device registered (name=vmci, major=10, minor=56)
[   12.035634] Initialized host personality
[   12.061273] NET: Registered protocol family 40
[   12.640854] /dev/vmnet: open called by PID 1126 (vmnet-netifup)
[   12.640859] /dev/vmnet: hub 1 does not exist, allocating memory.
[   12.640868] /dev/vmnet: port on hub 1 successfully opened
[   12.665175] /dev/vmnet: open called by PID 1129 (vmnet-dhcpd)
[   12.665184] /dev/vmnet: port on hub 1 successfully opened
[   12.676390] /dev/vmnet: open called by PID 1142 (vmnet-natd)
[   12.676397] /dev/vmnet: hub 8 does not exist, allocating memory.
[   12.676407] /dev/vmnet: port on hub 8 successfully opened
[   12.678610] /dev/vmnet: open called by PID 1143 (vmnet-netifup)
[   12.678619] /dev/vmnet: port on hub 8 successfully opened
[   12.691024] /dev/vmnet: open called by PID 1159 (vmnet-dhcpd)
[   12.691035] /dev/vmnet: port on hub 8 successfully opened
[   61.230793] traps: QXcbEventReader[1459] general protection ip:7f9d34ac81cb sp:7f9d21028c30 error:0 in libc-2.21.so[7f9d34a49000+1c0000]
[   65.677157] cfg80211: Verifying active interfaces after reg change
[  254.230470] usb 1-2.1: new high-speed USB device number 5 using xhci_hcd
[  254.319741] usb 1-2.1: New USB device found, idVendor=0bda, idProduct=8194
[  254.319745] usb 1-2.1: New USB device strings: Mfr=1, Product=2, SerialNumber=3
[  254.319746] usb 1-2.1: Product: 802.11n NIC
[  254.319747] usb 1-2.1: Manufacturer: Realtek
[  254.319748] usb 1-2.1: SerialNumber: 00e04c000001
[  288.043349] usbcore: registered new interface driver rtl8192cu
[  296.342598] [TEST]rtl8192du_probe
[  296.342631] [TEST]1
[  296.342634] [TEST]2
[  296.342636] [TEST]3
[  296.342638] [TEST]4
[  296.342640] [TEST]5
[  296.342701] [TEST]6
[  296.342704] [TEST]rtl92du_read_adapter_info
[  296.342706] [TEST]_rtl92du_read_prom_content 1
[  296.342749] [TEST]_rtl92du_read_prom_content 2
[  296.342752] [TEST]_rtl92du_read_prom_content 2.1
[  296.342753] [TEST]rtl92du_efuse_shadow_map_update 1
[  296.342755] [TEST]rtl92du_efuse_shadow_map_update 3
[  296.342757] [TEST]_rtl92du_efuse_read_all_map 1
[  296.342862] [TEST]_rtl92du_efuse_read_all_map 2
[  296.342864] [TEST]_rtl92du_efuse_read_all_map 3
[  296.342866] [TEST]_rtl8192du_read_efuse 0
[  296.342867] [TEST]_rtl92du_read_efuse 0
[  296.342869] [TEST]_rtl92du_read_efuse 1
[  296.342871] [TEST]_rtl92du_read_efuse_byte 0
[  296.342875] [TEST]_rtl92du_read_efuse_byte 1
[  296.342906] [TEST]_rtl92du_read_efuse_byte 2
[  296.342945] [TEST]_rtl92du_read_efuse_byte 3
[  296.342983] [TEST]_rtl92du_read_efuse_byte 4
[  296.342985] [TEST]_rtl92du_read_efuse_byte 5
[  296.343064] [TEST]_rtl92du_read_efuse_byte 6
[  296.343065] [TEST]_rtl92du_read_efuse 2
[  296.343067] [TEST]_rtl92du_read_efuse 3
[  296.343069] [TEST]_rtl92du_read_efuse 4
[  296.343070] [TEST]_rtl92du_read_efuse_byte 0
[  296.343074] [TEST]_rtl92du_read_efuse_byte 1
[  296.343106] [TEST]_rtl92du_read_efuse_byte 2
[  296.343146] [TEST]_rtl92du_read_efuse_byte 3
[  296.343184] [TEST]_rtl92du_read_efuse_byte 4
[  296.343186] [TEST]_rtl92du_read_efuse_byte 5
[  296.343260] [TEST]_rtl92du_read_efuse_byte 6
[  296.343261] [TEST]_rtl92du_read_efuse_byte 0
[  296.343265] [TEST]_rtl92du_read_efuse_byte 1
[  296.343303] [TEST]_rtl92du_read_efuse_byte 2
[  296.343343] [TEST]_rtl92du_read_efuse_byte 3
[  296.343381] [TEST]_rtl92du_read_efuse_byte 4
[  296.343382] [TEST]_rtl92du_read_efuse_byte 5
[  296.343455] [TEST]_rtl92du_read_efuse_byte 6
[  296.343457] [TEST]_rtl92du_read_efuse_byte 0
[  296.343460] [TEST]_rtl92du_read_efuse_byte 1
[  296.343499] [TEST]_rtl92du_read_efuse_byte 2
[  296.343539] [TEST]_rtl92du_read_efuse_byte 3
[  296.343576] [TEST]_rtl92du_read_efuse_byte 4
[  296.343578] [TEST]_rtl92du_read_efuse_byte 5
[  296.343652] [TEST]_rtl92du_read_efuse_byte 6
[  296.343653] [TEST]_rtl92du_read_efuse_byte 0
[  296.343657] [TEST]_rtl92du_read_efuse_byte 1
[  296.343714] [TEST]_rtl92du_read_efuse_byte 2
[  296.343756] [TEST]_rtl92du_read_efuse_byte 3
[  296.343817] [TEST]_rtl92du_read_efuse_byte 4
[  296.343818] [TEST]_rtl92du_read_efuse_byte 5
[  296.343892] [TEST]_rtl92du_read_efuse_byte 6
[  296.343893] [TEST]_rtl92du_read_efuse_byte 0
[  296.343896] [TEST]_rtl92du_read_efuse_byte 1
[  296.343935] [TEST]_rtl92du_read_efuse_byte 2
[  296.343975] [TEST]_rtl92du_read_efuse_byte 3
[  296.344013] [TEST]_rtl92du_read_efuse_byte 4
[  296.344014] [TEST]_rtl92du_read_efuse_byte 5
[  296.344087] [TEST]_rtl92du_read_efuse_byte 6
[  296.344089] [TEST]_rtl92du_read_efuse_byte 0
[  296.344092] [TEST]_rtl92du_read_efuse_byte 1
[  296.344130] [TEST]_rtl92du_read_efuse_byte 2
[  296.344170] [TEST]_rtl92du_read_efuse_byte 3
[  296.344208] [TEST]_rtl92du_read_efuse_byte 4
[  296.344210] [TEST]_rtl92du_read_efuse_byte 5
[  296.344283] [TEST]_rtl92du_read_efuse_byte 6
[  296.344285] [TEST]_rtl92du_read_efuse_byte 0
[  296.344288] [TEST]_rtl92du_read_efuse_byte 1
[  296.344326] [TEST]_rtl92du_read_efuse_byte 2
[  296.344366] [TEST]_rtl92du_read_efuse_byte 3
[  296.344404] [TEST]_rtl92du_read_efuse_byte 4
[  296.344406] [TEST]_rtl92du_read_efuse_byte 5
[  296.344479] [TEST]_rtl92du_read_efuse_byte 6
[  296.344480] [TEST]_rtl92du_read_efuse_byte 0
[  296.344483] [TEST]_rtl92du_read_efuse_byte 1
[  296.344522] [TEST]_rtl92du_read_efuse_byte 2
[  296.344561] [TEST]_rtl92du_read_efuse_byte 3
[  296.344637] [TEST]_rtl92du_read_efuse_byte 4
[  296.344646] [TEST]_rtl92du_read_efuse_byte 5
[  296.344727] [TEST]_rtl92du_read_efuse_byte 6
[  296.344736] [TEST]_rtl92du_read_efuse 5
[  296.344742] [TEST]_rtl92du_read_efuse_byte 0
[  296.344746] [TEST]_rtl92du_read_efuse_byte 1
[  296.346263] [TEST]_rtl92du_read_efuse_byte 2
[  296.346327] [TEST]_rtl92du_read_efuse_byte 3
[  296.346365] [TEST]_rtl92du_read_efuse_byte 4
[  296.346368] [TEST]_rtl92du_read_efuse_byte 5
[  296.346441] [TEST]_rtl92du_read_efuse_byte 6
[  296.346443] [TEST]_rtl92du_read_efuse 4
[  296.346444] [TEST]_rtl92du_read_efuse_byte 0
[  296.346448] [TEST]_rtl92du_read_efuse_byte 1
[  296.346485] [TEST]_rtl92du_read_efuse_byte 2
[  296.346524] [TEST]_rtl92du_read_efuse_byte 3
[  296.346562] [TEST]_rtl92du_read_efuse_byte 4
[  296.346563] [TEST]_rtl92du_read_efuse_byte 5
[  296.346638] [TEST]_rtl92du_read_efuse_byte 6
[  296.346639] [TEST]_rtl92du_read_efuse_byte 0
[  296.346642] [TEST]_rtl92du_read_efuse_byte 1
[  296.346680] [TEST]_rtl92du_read_efuse_byte 2
[  296.346720] [TEST]_rtl92du_read_efuse_byte 3
[  296.346758] [TEST]_rtl92du_read_efuse_byte 4
[  296.346760] [TEST]_rtl92du_read_efuse_byte 5
[  296.346833] [TEST]_rtl92du_read_efuse_byte 6
[  296.346834] [TEST]_rtl92du_read_efuse_byte 0
[  296.346838] [TEST]_rtl92du_read_efuse_byte 1
[  296.346876] [TEST]_rtl92du_read_efuse_byte 2
[  296.346916] [TEST]_rtl92du_read_efuse_byte 3
[  296.346954] [TEST]_rtl92du_read_efuse_byte 4
[  296.346956] [TEST]_rtl92du_read_efuse_byte 5
[  296.347029] [TEST]_rtl92du_read_efuse_byte 6
[  296.347030] [TEST]_rtl92du_read_efuse_byte 0
[  296.347034] [TEST]_rtl92du_read_efuse_byte 1
[  296.347072] [TEST]_rtl92du_read_efuse_byte 2
[  296.347112] [TEST]_rtl92du_read_efuse_byte 3
[  296.347150] [TEST]_rtl92du_read_efuse_byte 4
[  296.347152] [TEST]_rtl92du_read_efuse_byte 5
[  296.347227] [TEST]_rtl92du_read_efuse_byte 6
[  296.347229] [TEST]_rtl92du_read_efuse_byte 0
[  296.347232] [TEST]_rtl92du_read_efuse_byte 1
[  296.347270] [TEST]_rtl92du_read_efuse_byte 2
[  296.347310] [TEST]_rtl92du_read_efuse_byte 3
[  296.347348] [TEST]_rtl92du_read_efuse_byte 4
[  296.347350] [TEST]_rtl92du_read_efuse_byte 5
[  296.347428] [TEST]_rtl92du_read_efuse_byte 6
[  296.347429] [TEST]_rtl92du_read_efuse_byte 0
[  296.347433] [TEST]_rtl92du_read_efuse_byte 1
[  296.347471] [TEST]_rtl92du_read_efuse_byte 2
[  296.347511] [TEST]_rtl92du_read_efuse_byte 3
[  296.347549] [TEST]_rtl92du_read_efuse_byte 4
[  296.347551] [TEST]_rtl92du_read_efuse_byte 5
[  296.347624] [TEST]_rtl92du_read_efuse_byte 6
[  296.347625] [TEST]_rtl92du_read_efuse_byte 0
[  296.347629] [TEST]_rtl92du_read_efuse_byte 1
[  296.347667] [TEST]_rtl92du_read_efuse_byte 2
[  296.347707] [TEST]_rtl92du_read_efuse_byte 3
[  296.347745] [TEST]_rtl92du_read_efuse_byte 4
[  296.347747] [TEST]_rtl92du_read_efuse_byte 5
[  296.347820] [TEST]_rtl92du_read_efuse_byte 6
[  296.347821] [TEST]_rtl92du_read_efuse_byte 0
[  296.347825] [TEST]_rtl92du_read_efuse_byte 1
[  296.347863] [TEST]_rtl92du_read_efuse_byte 2
[  296.347903] [TEST]_rtl92du_read_efuse_byte 3
[  296.347941] [TEST]_rtl92du_read_efuse_byte 4
[  296.347943] [TEST]_rtl92du_read_efuse_byte 5
[  296.348016] [TEST]_rtl92du_read_efuse_byte 6
[  296.348018] [TEST]_rtl92du_read_efuse 5
[  296.348021] [TEST]_rtl92du_read_efuse_byte 0
[  296.348024] [TEST]_rtl92du_read_efuse_byte 1
[  296.348058] [TEST]_rtl92du_read_efuse_byte 2
[  296.348136] [TEST]_rtl92du_read_efuse_byte 3
[  296.348197] [TEST]_rtl92du_read_efuse_byte 4
[  296.348199] [TEST]_rtl92du_read_efuse_byte 5
[  296.348272] [TEST]_rtl92du_read_efuse_byte 6
[  296.348274] [TEST]_rtl92du_read_efuse 4
[  296.348276] [TEST]_rtl92du_read_efuse_byte 0
[  296.348281] [TEST]_rtl92du_read_efuse_byte 1
[  296.348315] [TEST]_rtl92du_read_efuse_byte 2
[  296.348356] [TEST]_rtl92du_read_efuse_byte 3
[  296.348394] [TEST]_rtl92du_read_efuse_byte 4
[  296.348395] [TEST]_rtl92du_read_efuse_byte 5
[  296.348468] [TEST]_rtl92du_read_efuse_byte 6
[  296.348470] [TEST]_rtl92du_read_efuse_byte 0
[  296.348473] [TEST]_rtl92du_read_efuse_byte 1
[  296.348512] [TEST]_rtl92du_read_efuse_byte 2
[  296.348551] [TEST]_rtl92du_read_efuse_byte 3
[  296.348590] [TEST]_rtl92du_read_efuse_byte 4
[  296.348592] [TEST]_rtl92du_read_efuse_byte 5
[  296.349226] [TEST]_rtl92du_read_efuse_byte 6
[  296.349228] [TEST]_rtl92du_read_efuse_byte 0
[  296.349231] [TEST]_rtl92du_read_efuse_byte 1
[  296.349265] [TEST]_rtl92du_read_efuse_byte 2
[  296.349335] [TEST]_rtl92du_read_efuse_byte 3
[  296.349393] [TEST]_rtl92du_read_efuse_byte 4
[  296.349395] [TEST]_rtl92du_read_efuse_byte 5
[  296.349466] [TEST]_rtl92du_read_efuse_byte 6
[  296.349468] [TEST]_rtl92du_read_efuse_byte 0
[  296.349471] [TEST]_rtl92du_read_efuse_byte 1
[  296.349509] [TEST]_rtl92du_read_efuse_byte 2
[  296.349549] [TEST]_rtl92du_read_efuse_byte 3
[  296.349587] [TEST]_rtl92du_read_efuse_byte 4
[  296.349589] [TEST]_rtl92du_read_efuse_byte 5
[  296.349660] [TEST]_rtl92du_read_efuse_byte 6
[  296.349661] [TEST]_rtl92du_read_efuse_byte 0
[  296.349664] [TEST]_rtl92du_read_efuse_byte 1
[  296.349703] [TEST]_rtl92du_read_efuse_byte 2
[  296.349743] [TEST]_rtl92du_read_efuse_byte 3
[  296.349781] [TEST]_rtl92du_read_efuse_byte 4
[  296.349782] [TEST]_rtl92du_read_efuse_byte 5
[  296.349854] [TEST]_rtl92du_read_efuse_byte 6
[  296.349855] [TEST]_rtl92du_read_efuse_byte 0
[  296.349858] [TEST]_rtl92du_read_efuse_byte 1
[  296.349897] [TEST]_rtl92du_read_efuse_byte 2
[  296.349937] [TEST]_rtl92du_read_efuse_byte 3
[  296.349975] [TEST]_rtl92du_read_efuse_byte 4
[  296.349976] [TEST]_rtl92du_read_efuse_byte 5
[  296.350054] [TEST]_rtl92du_read_efuse_byte 6
[  296.350055] [TEST]_rtl92du_read_efuse_byte 0
[  296.350058] [TEST]_rtl92du_read_efuse_byte 1
[  296.350095] [TEST]_rtl92du_read_efuse_byte 2
[  296.350135] [TEST]_rtl92du_read_efuse_byte 3
[  296.350174] [TEST]_rtl92du_read_efuse_byte 4
[  296.350176] [TEST]_rtl92du_read_efuse_byte 5
[  296.350248] [TEST]_rtl92du_read_efuse_byte 6
[  296.350250] [TEST]_rtl92du_read_efuse_byte 0
[  296.350253] [TEST]_rtl92du_read_efuse_byte 1
[  296.350292] [TEST]_rtl92du_read_efuse_byte 2
[  296.350330] [TEST]_rtl92du_read_efuse_byte 3
[  296.350369] [TEST]_rtl92du_read_efuse_byte 4
[  296.350371] [TEST]_rtl92du_read_efuse_byte 5
[  296.350444] [TEST]_rtl92du_read_efuse_byte 6
[  296.350446] [TEST]_rtl92du_read_efuse 5
[  296.350447] [TEST]_rtl92du_read_efuse_byte 0
[  296.350450] [TEST]_rtl92du_read_efuse_byte 1
[  296.350486] [TEST]_rtl92du_read_efuse_byte 2
[  296.350526] [TEST]_rtl92du_read_efuse_byte 3
[  296.350563] [TEST]_rtl92du_read_efuse_byte 4
[  296.350565] [TEST]_rtl92du_read_efuse_byte 5
[  296.350636] [TEST]_rtl92du_read_efuse_byte 6
[  296.350638] [TEST]_rtl92du_read_efuse 4
[  296.350639] [TEST]_rtl92du_read_efuse_byte 0
[  296.350642] [TEST]_rtl92du_read_efuse_byte 1
[  296.350680] [TEST]_rtl92du_read_efuse_byte 2
[  296.350720] [TEST]_rtl92du_read_efuse_byte 3
[  296.350758] [TEST]_rtl92du_read_efuse_byte 4
[  296.350760] [TEST]_rtl92du_read_efuse_byte 5
[  296.350832] [TEST]_rtl92du_read_efuse_byte 6
[  296.350833] [TEST]_rtl92du_read_efuse_byte 0
[  296.350836] [TEST]_rtl92du_read_efuse_byte 1
[  296.350875] [TEST]_rtl92du_read_efuse_byte 2
[  296.350915] [TEST]_rtl92du_read_efuse_byte 3
[  296.350953] [TEST]_rtl92du_read_efuse_byte 4
[  296.350955] [TEST]_rtl92du_read_efuse_byte 5
[  296.351026] [TEST]_rtl92du_read_efuse_byte 6
[  296.351027] [TEST]_rtl92du_read_efuse_byte 0
[  296.351030] [TEST]_rtl92du_read_efuse_byte 1
[  296.351069] [TEST]_rtl92du_read_efuse_byte 2
[  296.351109] [TEST]_rtl92du_read_efuse_byte 3
[  296.351147] [TEST]_rtl92du_read_efuse_byte 4
[  296.351148] [TEST]_rtl92du_read_efuse_byte 5
[  296.351219] [TEST]_rtl92du_read_efuse_byte 6
[  296.351221] [TEST]_rtl92du_read_efuse_byte 0
[  296.351225] [TEST]_rtl92du_read_efuse_byte 1
[  296.351263] [TEST]_rtl92du_read_efuse_byte 2
[  296.351303] [TEST]_rtl92du_read_efuse_byte 3
[  296.351342] [TEST]_rtl92du_read_efuse_byte 4
[  296.351345] [TEST]_rtl92du_read_efuse_byte 5
[  296.351421] [TEST]_rtl92du_read_efuse_byte 6
[  296.351422] [TEST]_rtl92du_read_efuse_byte 0
[  296.351425] [TEST]_rtl92du_read_efuse_byte 1
[  296.351466] [TEST]_rtl92du_read_efuse_byte 2
[  296.351504] [TEST]_rtl92du_read_efuse_byte 3
[  296.351542] [TEST]_rtl92du_read_efuse_byte 4
[  296.351544] [TEST]_rtl92du_read_efuse_byte 5
[  296.351615] [TEST]_rtl92du_read_efuse_byte 6
[  296.351616] [TEST]_rtl92du_read_efuse_byte 0
[  296.351619] [TEST]_rtl92du_read_efuse_byte 1
[  296.351658] [TEST]_rtl92du_read_efuse_byte 2
[  296.351698] [TEST]_rtl92du_read_efuse_byte 3
[  296.351736] [TEST]_rtl92du_read_efuse_byte 4
[  296.351738] [TEST]_rtl92du_read_efuse_byte 5
[  296.351809] [TEST]_rtl92du_read_efuse_byte 6
[  296.351810] [TEST]_rtl92du_read_efuse_byte 0
[  296.351813] [TEST]_rtl92du_read_efuse_byte 1
[  296.351852] [TEST]_rtl92du_read_efuse_byte 2
[  296.351892] [TEST]_rtl92du_read_efuse_byte 3
[  296.351930] [TEST]_rtl92du_read_efuse_byte 4
[  296.351932] [TEST]_rtl92du_read_efuse_byte 5
[  296.352003] [TEST]_rtl92du_read_efuse_byte 6
[  296.352004] [TEST]_rtl92du_read_efuse_byte 0
[  296.352007] [TEST]_rtl92du_read_efuse_byte 1
[  296.352046] [TEST]_rtl92du_read_efuse_byte 2
[  296.352086] [TEST]_rtl92du_read_efuse_byte 3
[  296.352124] [TEST]_rtl92du_read_efuse_byte 4
[  296.352125] [TEST]_rtl92du_read_efuse_byte 5
[  296.352197] [TEST]_rtl92du_read_efuse_byte 6
[  296.352198] [TEST]_rtl92du_read_efuse 5
[  296.352199] [TEST]_rtl92du_read_efuse_byte 0
[  296.352202] [TEST]_rtl92du_read_efuse_byte 1
[  296.352239] [TEST]_rtl92du_read_efuse_byte 2
[  296.352279] [TEST]_rtl92du_read_efuse_byte 3
[  296.352318] [TEST]_rtl92du_read_efuse_byte 4
[  296.352319] [TEST]_rtl92du_read_efuse_byte 5
[  296.352390] [TEST]_rtl92du_read_efuse_byte 6
[  296.352392] [TEST]_rtl92du_read_efuse 4
[  296.352393] [TEST]_rtl92du_read_efuse_byte 0
[  296.352396] [TEST]_rtl92du_read_efuse_byte 1
[  296.352433] [TEST]_rtl92du_read_efuse_byte 2
[  296.352473] [TEST]_rtl92du_read_efuse_byte 3
[  296.352512] [TEST]_rtl92du_read_efuse_byte 4
[  296.352513] [TEST]_rtl92du_read_efuse_byte 5
[  296.352584] [TEST]_rtl92du_read_efuse_byte 6
[  296.352586] [TEST]_rtl92du_read_efuse_byte 0
[  296.352607] [TEST]_rtl92du_read_efuse_byte 1
[  296.353347] [TEST]_rtl92du_read_efuse_byte 2
[  296.353387] [TEST]_rtl92du_read_efuse_byte 3
[  296.353425] [TEST]_rtl92du_read_efuse_byte 4
[  296.353426] [TEST]_rtl92du_read_efuse_byte 5
[  296.353499] [TEST]_rtl92du_read_efuse_byte 6
[  296.353500] [TEST]_rtl92du_read_efuse_byte 0
[  296.353505] [TEST]_rtl92du_read_efuse_byte 1
[  296.353542] [TEST]_rtl92du_read_efuse_byte 2
[  296.353582] [TEST]_rtl92du_read_efuse_byte 3
[  296.353620] [TEST]_rtl92du_read_efuse_byte 4
[  296.353621] [TEST]_rtl92du_read_efuse_byte 5
[  296.353693] [TEST]_rtl92du_read_efuse_byte 6
[  296.353695] [TEST]_rtl92du_read_efuse_byte 0
[  296.353698] [TEST]_rtl92du_read_efuse_byte 1
[  296.353736] [TEST]_rtl92du_read_efuse_byte 2
[  296.353776] [TEST]_rtl92du_read_efuse_byte 3
[  296.353815] [TEST]_rtl92du_read_efuse_byte 4
[  296.353816] [TEST]_rtl92du_read_efuse_byte 5
[  296.353888] [TEST]_rtl92du_read_efuse_byte 6
[  296.353890] [TEST]_rtl92du_read_efuse_byte 0
[  296.353893] [TEST]_rtl92du_read_efuse_byte 1
[  296.353931] [TEST]_rtl92du_read_efuse_byte 2
[  296.353972] [TEST]_rtl92du_read_efuse_byte 3
[  296.354010] [TEST]_rtl92du_read_efuse_byte 4
[  296.354011] [TEST]_rtl92du_read_efuse_byte 5
[  296.354083] [TEST]_rtl92du_read_efuse_byte 6
[  296.354084] [TEST]_rtl92du_read_efuse_byte 0
[  296.354087] [TEST]_rtl92du_read_efuse_byte 1
[  296.354126] [TEST]_rtl92du_read_efuse_byte 2
[  296.354166] [TEST]_rtl92du_read_efuse_byte 3
[  296.354204] [TEST]_rtl92du_read_efuse_byte 4
[  296.354206] [TEST]_rtl92du_read_efuse_byte 5
[  296.354278] [TEST]_rtl92du_read_efuse_byte 6
[  296.354279] [TEST]_rtl92du_read_efuse_byte 0
[  296.354282] [TEST]_rtl92du_read_efuse_byte 1
[  296.354321] [TEST]_rtl92du_read_efuse_byte 2
[  296.354361] [TEST]_rtl92du_read_efuse_byte 3
[  296.354399] [TEST]_rtl92du_read_efuse_byte 4
[  296.354400] [TEST]_rtl92du_read_efuse_byte 5
[  296.354472] [TEST]_rtl92du_read_efuse_byte 6
[  296.354474] [TEST]_rtl92du_read_efuse_byte 0
[  296.354477] [TEST]_rtl92du_read_efuse_byte 1
[  296.354515] [TEST]_rtl92du_read_efuse_byte 2
[  296.354556] [TEST]_rtl92du_read_efuse_byte 3
[  296.354594] [TEST]_rtl92du_read_efuse_byte 4
[  296.354596] [TEST]_rtl92du_read_efuse_byte 5
[  296.354671] [TEST]_rtl92du_read_efuse_byte 6
[  296.354673] [TEST]_rtl92du_read_efuse 5
[  296.354675] [TEST]_rtl92du_read_efuse_byte 0
[  296.354678] [TEST]_rtl92du_read_efuse_byte 1
[  296.354714] [TEST]_rtl92du_read_efuse_byte 2
[  296.354754] [TEST]_rtl92du_read_efuse_byte 3
[  296.354792] [TEST]_rtl92du_read_efuse_byte 4
[  296.354793] [TEST]_rtl92du_read_efuse_byte 5
[  296.354866] [TEST]_rtl92du_read_efuse_byte 6
[  296.354867] [TEST]_rtl92du_read_efuse 4
[  296.354869] [TEST]_rtl92du_read_efuse_byte 0
[  296.354871] [TEST]_rtl92du_read_efuse_byte 1
[  296.354909] [TEST]_rtl92du_read_efuse_byte 2
[  296.354949] [TEST]_rtl92du_read_efuse_byte 3
[  296.354987] [TEST]_rtl92du_read_efuse_byte 4
[  296.354989] [TEST]_rtl92du_read_efuse_byte 5
[  296.355060] [TEST]_rtl92du_read_efuse_byte 6
[  296.355062] [TEST]_rtl92du_read_efuse_byte 0
[  296.355065] [TEST]_rtl92du_read_efuse_byte 1
[  296.355104] [TEST]_rtl92du_read_efuse_byte 2
[  296.355282] [TEST]_rtl92du_read_efuse_byte 3
[  296.355342] [TEST]_rtl92du_read_efuse_byte 4
[  296.355343] [TEST]_rtl92du_read_efuse_byte 5
[  296.355420] [TEST]_rtl92du_read_efuse_byte 6
[  296.355421] [TEST]_rtl92du_read_efuse_byte 0
[  296.355424] [TEST]_rtl92du_read_efuse_byte 1
[  296.355463] [TEST]_rtl92du_read_efuse_byte 2
[  296.355503] [TEST]_rtl92du_read_efuse_byte 3
[  296.355541] [TEST]_rtl92du_read_efuse_byte 4
[  296.355543] [TEST]_rtl92du_read_efuse_byte 5
[  296.355615] [TEST]_rtl92du_read_efuse_byte 6
[  296.355616] [TEST]_rtl92du_read_efuse_byte 0
[  296.355619] [TEST]_rtl92du_read_efuse_byte 1
[  296.355658] [TEST]_rtl92du_read_efuse_byte 2
[  296.355698] [TEST]_rtl92du_read_efuse_byte 3
[  296.355736] [TEST]_rtl92du_read_efuse_byte 4
[  296.355737] [TEST]_rtl92du_read_efuse_byte 5
[  296.355810] [TEST]_rtl92du_read_efuse_byte 6
[  296.355811] [TEST]_rtl92du_read_efuse_byte 0
[  296.355814] [TEST]_rtl92du_read_efuse_byte 1
[  296.355853] [TEST]_rtl92du_read_efuse_byte 2
[  296.355893] [TEST]_rtl92du_read_efuse_byte 3
[  296.355931] [TEST]_rtl92du_read_efuse_byte 4
[  296.355932] [TEST]_rtl92du_read_efuse_byte 5
[  296.356004] [TEST]_rtl92du_read_efuse_byte 6
[  296.356006] [TEST]_rtl92du_read_efuse_byte 0
[  296.356009] [TEST]_rtl92du_read_efuse_byte 1
[  296.356047] [TEST]_rtl92du_read_efuse_byte 2
[  296.356087] [TEST]_rtl92du_read_efuse_byte 3
[  296.356125] [TEST]_rtl92du_read_efuse_byte 4
[  296.356127] [TEST]_rtl92du_read_efuse_byte 5
[  296.356199] [TEST]_rtl92du_read_efuse_byte 6
[  296.356201] [TEST]_rtl92du_read_efuse_byte 0
[  296.356204] [TEST]_rtl92du_read_efuse_byte 1
[  296.356242] [TEST]_rtl92du_read_efuse_byte 2
[  296.356282] [TEST]_rtl92du_read_efuse_byte 3
[  296.356320] [TEST]_rtl92du_read_efuse_byte 4
[  296.356322] [TEST]_rtl92du_read_efuse_byte 5
[  296.356394] [TEST]_rtl92du_read_efuse_byte 6
[  296.356395] [TEST]_rtl92du_read_efuse_byte 0
[  296.356398] [TEST]_rtl92du_read_efuse_byte 1
[  296.356437] [TEST]_rtl92du_read_efuse_byte 2
[  296.356477] [TEST]_rtl92du_read_efuse_byte 3
[  296.356515] [TEST]_rtl92du_read_efuse_byte 4
[  296.356516] [TEST]_rtl92du_read_efuse_byte 5
[  296.357249] [TEST]_rtl92du_read_efuse_byte 6
[  296.357252] [TEST]_rtl92du_read_efuse 5
[  296.357253] [TEST]_rtl92du_read_efuse_byte 0
[  296.357259] [TEST]_rtl92du_read_efuse_byte 1
[  296.357321] [TEST]_rtl92du_read_efuse_byte 2
[  296.357362] [TEST]_rtl92du_read_efuse_byte 3
[  296.357400] [TEST]_rtl92du_read_efuse_byte 4
[  296.357402] [TEST]_rtl92du_read_efuse_byte 5
[  296.357475] [TEST]_rtl92du_read_efuse_byte 6
[  296.357477] [TEST]_rtl92du_read_efuse 4
[  296.357478] [TEST]_rtl92du_read_efuse_byte 0
[  296.357481] [TEST]_rtl92du_read_efuse_byte 1
[  296.357518] [TEST]_rtl92du_read_efuse_byte 2
[  296.357559] [TEST]_rtl92du_read_efuse_byte 3
[  296.357597] [TEST]_rtl92du_read_efuse_byte 4
[  296.357598] [TEST]_rtl92du_read_efuse_byte 5
[  296.357670] [TEST]_rtl92du_read_efuse_byte 6
[  296.357672] [TEST]_rtl92du_read_efuse_byte 0
[  296.357675] [TEST]_rtl92du_read_efuse_byte 1
[  296.357713] [TEST]_rtl92du_read_efuse_byte 2
[  296.357754] [TEST]_rtl92du_read_efuse_byte 3
[  296.357791] [TEST]_rtl92du_read_efuse_byte 4
[  296.357793] [TEST]_rtl92du_read_efuse_byte 5
[  296.357864] [TEST]_rtl92du_read_efuse_byte 6
[  296.357866] [TEST]_rtl92du_read_efuse_byte 0
[  296.357869] [TEST]_rtl92du_read_efuse_byte 1
[  296.357908] [TEST]_rtl92du_read_efuse_byte 2
[  296.357948] [TEST]_rtl92du_read_efuse_byte 3
[  296.357986] [TEST]_rtl92du_read_efuse_byte 4
[  296.357988] [TEST]_rtl92du_read_efuse_byte 5
[  296.358061] [TEST]_rtl92du_read_efuse_byte 6
[  296.358062] [TEST]_rtl92du_read_efuse_byte 0
[  296.358065] [TEST]_rtl92du_read_efuse_byte 1
[  296.358103] [TEST]_rtl92du_read_efuse_byte 2
[  296.358143] [TEST]_rtl92du_read_efuse_byte 3
[  296.358252] [TEST]_rtl92du_read_efuse_byte 4
[  296.358254] [TEST]_rtl92du_read_efuse_byte 5
[  296.358327] [TEST]_rtl92du_read_efuse_byte 6
[  296.358329] [TEST]_rtl92du_read_efuse_byte 0
[  296.358332] [TEST]_rtl92du_read_efuse_byte 1
[  296.358370] [TEST]_rtl92du_read_efuse_byte 2
[  296.358410] [TEST]_rtl92du_read_efuse_byte 3
[  296.358448] [TEST]_rtl92du_read_efuse_byte 4
[  296.358450] [TEST]_rtl92du_read_efuse_byte 5
[  296.358522] [TEST]_rtl92du_read_efuse_byte 6
[  296.358524] [TEST]_rtl92du_read_efuse_byte 0
[  296.358527] [TEST]_rtl92du_read_efuse_byte 1
[  296.358565] [TEST]_rtl92du_read_efuse_byte 2
[  296.358605] [TEST]_rtl92du_read_efuse_byte 3
[  296.358644] [TEST]_rtl92du_read_efuse_byte 4
[  296.358645] [TEST]_rtl92du_read_efuse_byte 5
[  296.358717] [TEST]_rtl92du_read_efuse_byte 6
[  296.358719] [TEST]_rtl92du_read_efuse_byte 0
[  296.358722] [TEST]_rtl92du_read_efuse_byte 1
[  296.358760] [TEST]_rtl92du_read_efuse_byte 2
[  296.358800] [TEST]_rtl92du_read_efuse_byte 3
[  296.358839] [TEST]_rtl92du_read_efuse_byte 4
[  296.358840] [TEST]_rtl92du_read_efuse_byte 5
[  296.358917] [TEST]_rtl92du_read_efuse_byte 6
[  296.358918] [TEST]_rtl92du_read_efuse_byte 0
[  296.358921] [TEST]_rtl92du_read_efuse_byte 1
[  296.358960] [TEST]_rtl92du_read_efuse_byte 2
[  296.359000] [TEST]_rtl92du_read_efuse_byte 3
[  296.359038] [TEST]_rtl92du_read_efuse_byte 4
[  296.359040] [TEST]_rtl92du_read_efuse_byte 5
[  296.359112] [TEST]_rtl92du_read_efuse_byte 6
[  296.359113] [TEST]_rtl92du_read_efuse 5
[  296.359115] [TEST]_rtl92du_read_efuse_byte 0
[  296.359118] [TEST]_rtl92du_read_efuse_byte 1
[  296.359155] [TEST]_rtl92du_read_efuse_byte 2
[  296.359195] [TEST]_rtl92du_read_efuse_byte 3
[  296.359233] [TEST]_rtl92du_read_efuse_byte 4
[  296.359234] [TEST]_rtl92du_read_efuse_byte 5
[  296.359306] [TEST]_rtl92du_read_efuse_byte 6
[  296.359308] [TEST]_rtl92du_read_efuse 4
[  296.359309] [TEST]_rtl92du_read_efuse_byte 0
[  296.359312] [TEST]_rtl92du_read_efuse_byte 1
[  296.359349] [TEST]_rtl92du_read_efuse_byte 2
[  296.359413] [TEST]_rtl92du_read_efuse_byte 3
[  296.359472] [TEST]_rtl92du_read_efuse_byte 4
[  296.359474] [TEST]_rtl92du_read_efuse_byte 5
[  296.359546] [TEST]_rtl92du_read_efuse_byte 6
[  296.359548] [TEST]_rtl92du_read_efuse_byte 0
[  296.359551] [TEST]_rtl92du_read_efuse_byte 1
[  296.359589] [TEST]_rtl92du_read_efuse_byte 2
[  296.359629] [TEST]_rtl92du_read_efuse_byte 3
[  296.359667] [TEST]_rtl92du_read_efuse_byte 4
[  296.359669] [TEST]_rtl92du_read_efuse_byte 5
[  296.359741] [TEST]_rtl92du_read_efuse_byte 6
[  296.359742] [TEST]_rtl92du_read_efuse_byte 0
[  296.359746] [TEST]_rtl92du_read_efuse_byte 1
[  296.359784] [TEST]_rtl92du_read_efuse_byte 2
[  296.359824] [TEST]_rtl92du_read_efuse_byte 3
[  296.359862] [TEST]_rtl92du_read_efuse_byte 4
[  296.359863] [TEST]_rtl92du_read_efuse_byte 5
[  296.359936] [TEST]_rtl92du_read_efuse_byte 6
[  296.359937] [TEST]_rtl92du_read_efuse_byte 0
[  296.359940] [TEST]_rtl92du_read_efuse_byte 1
[  296.359978] [TEST]_rtl92du_read_efuse_byte 2
[  296.360018] [TEST]_rtl92du_read_efuse_byte 3
[  296.360056] [TEST]_rtl92du_read_efuse_byte 4
[  296.360057] [TEST]_rtl92du_read_efuse_byte 5
[  296.360129] [TEST]_rtl92du_read_efuse_byte 6
[  296.360130] [TEST]_rtl92du_read_efuse_byte 0
[  296.360134] [TEST]_rtl92du_read_efuse_byte 1
[  296.360172] [TEST]_rtl92du_read_efuse_byte 2
[  296.360212] [TEST]_rtl92du_read_efuse_byte 3
[  296.360250] [TEST]_rtl92du_read_efuse_byte 4
[  296.360252] [TEST]_rtl92du_read_efuse_byte 5
[  296.360323] [TEST]_rtl92du_read_efuse_byte 6
[  296.360325] [TEST]_rtl92du_read_efuse_byte 0
[  296.360328] [TEST]_rtl92du_read_efuse_byte 1
[  296.360366] [TEST]_rtl92du_read_efuse_byte 2
[  296.360406] [TEST]_rtl92du_read_efuse_byte 3
[  296.360444] [TEST]_rtl92du_read_efuse_byte 4
[  296.360445] [TEST]_rtl92du_read_efuse_byte 5
[  296.360516] [TEST]_rtl92du_read_efuse_byte 6
[  296.360518] [TEST]_rtl92du_read_efuse_byte 0
[  296.360522] [TEST]_rtl92du_read_efuse_byte 1
[  296.360560] [TEST]_rtl92du_read_efuse_byte 2
[  296.361267] [TEST]_rtl92du_read_efuse_byte 3
[  296.361329] [TEST]_rtl92du_read_efuse_byte 4
[  296.361330] [TEST]_rtl92du_read_efuse_byte 5
[  296.361409] [TEST]_rtl92du_read_efuse_byte 6
[  296.361410] [TEST]_rtl92du_read_efuse_byte 0
[  296.361413] [TEST]_rtl92du_read_efuse_byte 1
[  296.361451] [TEST]_rtl92du_read_efuse_byte 2
[  296.361491] [TEST]_rtl92du_read_efuse_byte 3
[  296.361530] [TEST]_rtl92du_read_efuse_byte 4
[  296.361531] [TEST]_rtl92du_read_efuse_byte 5
[  296.361602] [TEST]_rtl92du_read_efuse_byte 6
[  296.361604] [TEST]_rtl92du_read_efuse 5
[  296.361605] [TEST]_rtl92du_read_efuse_byte 0
[  296.361608] [TEST]_rtl92du_read_efuse_byte 1
[  296.361644] [TEST]_rtl92du_read_efuse_byte 2
[  296.361684] [TEST]_rtl92du_read_efuse_byte 3
[  296.361723] [TEST]_rtl92du_read_efuse_byte 4
[  296.361724] [TEST]_rtl92du_read_efuse_byte 5
[  296.361796] [TEST]_rtl92du_read_efuse_byte 6
[  296.361797] [TEST]_rtl92du_read_efuse 4
[  296.361798] [TEST]_rtl92du_read_efuse_byte 0
[  296.361801] [TEST]_rtl92du_read_efuse_byte 1
[  296.361838] [TEST]_rtl92du_read_efuse_byte 2
[  296.361878] [TEST]_rtl92du_read_efuse_byte 3
[  296.361917] [TEST]_rtl92du_read_efuse_byte 4
[  296.361918] [TEST]_rtl92du_read_efuse_byte 5
[  296.361989] [TEST]_rtl92du_read_efuse_byte 6
[  296.361991] [TEST]_rtl92du_read_efuse_byte 0
[  296.361993] [TEST]_rtl92du_read_efuse_byte 1
[  296.362032] [TEST]_rtl92du_read_efuse_byte 2
[  296.362072] [TEST]_rtl92du_read_efuse_byte 3
[  296.362110] [TEST]_rtl92du_read_efuse_byte 4
[  296.362112] [TEST]_rtl92du_read_efuse_byte 5
[  296.362183] [TEST]_rtl92du_read_efuse_byte 6
[  296.362184] [TEST]_rtl92du_read_efuse_byte 0
[  296.362187] [TEST]_rtl92du_read_efuse_byte 1
[  296.362226] [TEST]_rtl92du_read_efuse_byte 2
[  296.362266] [TEST]_rtl92du_read_efuse_byte 3
[  296.362304] [TEST]_rtl92du_read_efuse_byte 4
[  296.362305] [TEST]_rtl92du_read_efuse_byte 5
[  296.362376] [TEST]_rtl92du_read_efuse_byte 6
[  296.362378] [TEST]_rtl92du_read_efuse_byte 0
[  296.362380] [TEST]_rtl92du_read_efuse_byte 1
[  296.362419] [TEST]_rtl92du_read_efuse_byte 2
[  296.362459] [TEST]_rtl92du_read_efuse_byte 3
[  296.362497] [TEST]_rtl92du_read_efuse_byte 4
[  296.362499] [TEST]_rtl92du_read_efuse_byte 5
[  296.362571] [TEST]_rtl92du_read_efuse_byte 6
[  296.362573] [TEST]_rtl92du_read_efuse_byte 0
[  296.362575] [TEST]_rtl92du_read_efuse_byte 1
[  296.362614] [TEST]_rtl92du_read_efuse_byte 2
[  296.362654] [TEST]_rtl92du_read_efuse_byte 3
[  296.362692] [TEST]_rtl92du_read_efuse_byte 4
[  296.362694] [TEST]_rtl92du_read_efuse_byte 5
[  296.362765] [TEST]_rtl92du_read_efuse_byte 6
[  296.362766] [TEST]_rtl92du_read_efuse_byte 0
[  296.362769] [TEST]_rtl92du_read_efuse_byte 1
[  296.362808] [TEST]_rtl92du_read_efuse_byte 2
[  296.362848] [TEST]_rtl92du_read_efuse_byte 3
[  296.362886] [TEST]_rtl92du_read_efuse_byte 4
[  296.362887] [TEST]_rtl92du_read_efuse_byte 5
[  296.362958] [TEST]_rtl92du_read_efuse_byte 6
[  296.362959] [TEST]_rtl92du_read_efuse_byte 0
[  296.362962] [TEST]_rtl92du_read_efuse_byte 1
[  296.363001] [TEST]_rtl92du_read_efuse_byte 2
[  296.363041] [TEST]_rtl92du_read_efuse_byte 3
[  296.363080] [TEST]_rtl92du_read_efuse_byte 4
[  296.363081] [TEST]_rtl92du_read_efuse_byte 5
[  296.363156] [TEST]_rtl92du_read_efuse_byte 6
[  296.363157] [TEST]_rtl92du_read_efuse_byte 0
[  296.363160] [TEST]_rtl92du_read_efuse_byte 1
[  296.363199] [TEST]_rtl92du_read_efuse_byte 2
[  296.363239] [TEST]_rtl92du_read_efuse_byte 3
[  296.363277] [TEST]_rtl92du_read_efuse_byte 4
[  296.363279] [TEST]_rtl92du_read_efuse_byte 5
[  296.363349] [TEST]_rtl92du_read_efuse_byte 6
[  296.363351] [TEST]_rtl92du_read_efuse 5
[  296.363352] [TEST]_rtl92du_read_efuse_byte 0
[  296.363355] [TEST]_rtl92du_read_efuse_byte 1
[  296.363392] [TEST]_rtl92du_read_efuse_byte 2
[  296.363432] [TEST]_rtl92du_read_efuse_byte 3
[  296.363471] [TEST]_rtl92du_read_efuse_byte 4
[  296.363473] [TEST]_rtl92du_read_efuse_byte 5
[  296.363544] [TEST]_rtl92du_read_efuse_byte 6
[  296.363546] [TEST]_rtl92du_read_efuse 4
[  296.363548] [TEST]_rtl92du_read_efuse_byte 0
[  296.363551] [TEST]_rtl92du_read_efuse_byte 1
[  296.363587] [TEST]_rtl92du_read_efuse_byte 2
[  296.363627] [TEST]_rtl92du_read_efuse_byte 3
[  296.363665] [TEST]_rtl92du_read_efuse_byte 4
[  296.363667] [TEST]_rtl92du_read_efuse_byte 5
[  296.363738] [TEST]_rtl92du_read_efuse_byte 6
[  296.363739] [TEST]_rtl92du_read_efuse_byte 0
[  296.363742] [TEST]_rtl92du_read_efuse_byte 1
[  296.363781] [TEST]_rtl92du_read_efuse_byte 2
[  296.363821] [TEST]_rtl92du_read_efuse_byte 3
[  296.363859] [TEST]_rtl92du_read_efuse_byte 4
[  296.363860] [TEST]_rtl92du_read_efuse_byte 5
[  296.363931] [TEST]_rtl92du_read_efuse_byte 6
[  296.363933] [TEST]_rtl92du_read_efuse_byte 0
[  296.363935] [TEST]_rtl92du_read_efuse_byte 1
[  296.363974] [TEST]_rtl92du_read_efuse_byte 2
[  296.364014] [TEST]_rtl92du_read_efuse_byte 3
[  296.364052] [TEST]_rtl92du_read_efuse_byte 4
[  296.364055] [TEST]_rtl92du_read_efuse_byte 5
[  296.364125] [TEST]_rtl92du_read_efuse_byte 6
[  296.364127] [TEST]_rtl92du_read_efuse_byte 0
[  296.364129] [TEST]_rtl92du_read_efuse_byte 1
[  296.364169] [TEST]_rtl92du_read_efuse_byte 2
[  296.364208] [TEST]_rtl92du_read_efuse_byte 3
[  296.364246] [TEST]_rtl92du_read_efuse_byte 4
[  296.364248] [TEST]_rtl92du_read_efuse_byte 5
[  296.364320] [TEST]_rtl92du_read_efuse_byte 6
[  296.364321] [TEST]_rtl92du_read_efuse_byte 0
[  296.364324] [TEST]_rtl92du_read_efuse_byte 1
[  296.364362] [TEST]_rtl92du_read_efuse_byte 2
[  296.364402] [TEST]_rtl92du_read_efuse_byte 3
[  296.364441] [TEST]_rtl92du_read_efuse_byte 4
[  296.364442] [TEST]_rtl92du_read_efuse_byte 5
[  296.364512] [TEST]_rtl92du_read_efuse_byte 6
[  296.364513] [TEST]_rtl92du_read_efuse_byte 0
[  296.364517] [TEST]_rtl92du_read_efuse_byte 1
[  296.364556] [TEST]_rtl92du_read_efuse_byte 2
[  296.365259] [TEST]_rtl92du_read_efuse_byte 3
[  296.365322] [TEST]_rtl92du_read_efuse_byte 4
[  296.365323] [TEST]_rtl92du_read_efuse_byte 5
[  296.365394] [TEST]_rtl92du_read_efuse_byte 6
[  296.365395] [TEST]_rtl92du_read_efuse_byte 0
[  296.365398] [TEST]_rtl92du_read_efuse_byte 1
[  296.365436] [TEST]_rtl92du_read_efuse_byte 2
[  296.365476] [TEST]_rtl92du_read_efuse_byte 3
[  296.365515] [TEST]_rtl92du_read_efuse_byte 4
[  296.365516] [TEST]_rtl92du_read_efuse_byte 5
[  296.365586] [TEST]_rtl92du_read_efuse_byte 6
[  296.365588] [TEST]_rtl92du_read_efuse_byte 0
[  296.365590] [TEST]_rtl92du_read_efuse_byte 1
[  296.365629] [TEST]_rtl92du_read_efuse_byte 2
[  296.365669] [TEST]_rtl92du_read_efuse_byte 3
